<html>
<body>
<pre>
<h1>µVision Build Log</h1>
<h2>Tool Versions:</h2>
IDE-Version: ¦ÌVision V5.14.1
Copyright (C) 2015 ARM Ltd and ARM Germany GmbH. All rights reserved.
License Information: Cortex-M3, 1, LIC=FYKYW-QHN4Q-HLACL-0W1RM-DVAYU-FB14X
 
Tool Versions:
Toolchain:       MDK-ARM Plus  Version: 5.24.1
Toolchain Path:  D:\keil5\ARM\ARMCC\Bin
C Compiler:      Armcc.exe V5.06 update 5 (build 528)
Assembler:       Armasm.exe V5.06 update 5 (build 528)
Linker/Locator:  ArmLink.exe V5.06 update 5 (build 528)
Library Manager: ArmAr.exe V5.06 update 5 (build 528)
Hex Converter:   FromElf.exe V5.06 update 5 (build 528)
CPU DLL:         SARMCM3.DLL V5.24.1
Dialog DLL:      DCM.DLL V1.16.0.0
Target DLL:      STLink\ST-LINKIII-KEIL_SWO.dll V3.0.1.0
Dialog DLL:      TCM.DLL V1.32.0.0
 
<h2>Project:</h2>
D:\stm32project\f103c6t6\EXTI_Collision\project.uvprojx
Project File Date:  07/31/2024

<h2>Output:</h2>
*** Using Compiler 'V5.06 update 5 (build 528)', folder: 'D:\keil5\ARM\ARMCC\Bin'
Build target 'Target 1'
compiling main.c...
User\main.c(2): warning:  #47-D: incompatible redefinition of macro "USE_STDPERIPH_DRIVER" 
  #define USE_STDPERIPH_DRIVER
.\System\Delay.h(8): warning:  #1-D: last line of file ends without a newline
  #endif
.\Hardware\LED.h(16): warning:  #1-D: last line of file ends without a newline
  #endif
.\Hardware\CountCollision.h(12): warning:  #1-D: last line of file ends without a newline
  #endif
User\main.c(39): warning:  #111-D: statement is unreachable
      return 0;
User\main.c(40): warning:  #1-D: last line of file ends without a newline
  }
User\main.c: 6 warnings, 0 errors
linking...
Program Size: Code=2040 RO-data=268 RW-data=28 ZI-data=1636  
".\project.axf" - 0 Error(s), 6 Warning(s).

<h2>Collection of Component include folders:</h2>
  D:\stm32project\f103c6t6\EXTI_Collision\RTE
  D:\keil5\ARM\PACK\Keil\STM32F1xx_DFP\2.2.0\Device\Include

<h2>Collection of Component Files used:</h2>
</pre>
</body>
</html>
