Component: ARM Compiler 5.06 update 5 (build 528) Tool: armlink [4d35e2]

==============================================================================

Section Cross References

    system_stm32f10x.o(i.SetSysClock) refers to system_stm32f10x.o(i.SetSysClockTo72) for SetSysClockTo72
    system_stm32f10x.o(i.SystemCoreClockUpdate) refers to system_stm32f10x.o(.data) for SystemCoreClock
    system_stm32f10x.o(i.SystemInit) refers to system_stm32f10x.o(i.SetSysClock) for SetSysClock
    startup_stm32f10x_md.o(STACK) refers (Special) to heapauxi.o(.text) for __use_two_region_memory
    startup_stm32f10x_md.o(HEAP) refers (Special) to heapauxi.o(.text) for __use_two_region_memory
    startup_stm32f10x_md.o(RESET) refers (Special) to heapauxi.o(.text) for __use_two_region_memory
    startup_stm32f10x_md.o(RESET) refers to startup_stm32f10x_md.o(STACK) for __initial_sp
    startup_stm32f10x_md.o(RESET) refers to startup_stm32f10x_md.o(.text) for Reset_Handler
    startup_stm32f10x_md.o(RESET) refers to stm32f10x_it.o(i.NMI_Handler) for NMI_Handler
    startup_stm32f10x_md.o(RESET) refers to stm32f10x_it.o(i.HardFault_Handler) for HardFault_Handler
    startup_stm32f10x_md.o(RESET) refers to stm32f10x_it.o(i.MemManage_Handler) for MemManage_Handler
    startup_stm32f10x_md.o(RESET) refers to stm32f10x_it.o(i.BusFault_Handler) for BusFault_Handler
    startup_stm32f10x_md.o(RESET) refers to stm32f10x_it.o(i.UsageFault_Handler) for UsageFault_Handler
    startup_stm32f10x_md.o(RESET) refers to stm32f10x_it.o(i.SVC_Handler) for SVC_Handler
    startup_stm32f10x_md.o(RESET) refers to stm32f10x_it.o(i.DebugMon_Handler) for DebugMon_Handler
    startup_stm32f10x_md.o(RESET) refers to stm32f10x_it.o(i.PendSV_Handler) for PendSV_Handler
    startup_stm32f10x_md.o(RESET) refers to stm32f10x_it.o(i.SysTick_Handler) for SysTick_Handler
    startup_stm32f10x_md.o(RESET) refers to main.o(i.USART1_IRQHandler) for USART1_IRQHandler
    startup_stm32f10x_md.o(.text) refers (Special) to heapauxi.o(.text) for __use_two_region_memory
    startup_stm32f10x_md.o(.text) refers to system_stm32f10x.o(i.SystemInit) for SystemInit
    startup_stm32f10x_md.o(.text) refers to __main.o(!!!main) for __main
    startup_stm32f10x_md.o(.text) refers to startup_stm32f10x_md.o(HEAP) for Heap_Mem
    startup_stm32f10x_md.o(.text) refers to startup_stm32f10x_md.o(STACK) for Stack_Mem
    delay.o(i.Delay_ms) refers to delay.o(i.Delay_us) for Delay_us
    delay.o(i.Delay_s) refers to delay.o(i.Delay_ms) for Delay_ms
    stm32f10x_adc.o(i.ADC_DeInit) refers to stm32f10x_rcc.o(i.RCC_APB2PeriphResetCmd) for RCC_APB2PeriphResetCmd
    stm32f10x_bkp.o(i.BKP_DeInit) refers to stm32f10x_rcc.o(i.RCC_BackupResetCmd) for RCC_BackupResetCmd
    stm32f10x_can.o(i.CAN_DeInit) refers to stm32f10x_rcc.o(i.RCC_APB1PeriphResetCmd) for RCC_APB1PeriphResetCmd
    stm32f10x_can.o(i.CAN_GetITStatus) refers to stm32f10x_can.o(i.CheckITStatus) for CheckITStatus
    stm32f10x_cec.o(i.CEC_DeInit) refers to stm32f10x_rcc.o(i.RCC_APB1PeriphResetCmd) for RCC_APB1PeriphResetCmd
    stm32f10x_dac.o(i.DAC_DeInit) refers to stm32f10x_rcc.o(i.RCC_APB1PeriphResetCmd) for RCC_APB1PeriphResetCmd
    stm32f10x_flash.o(i.FLASH_EnableWriteProtection) refers to stm32f10x_flash.o(i.FLASH_WaitForLastOperation) for FLASH_WaitForLastOperation
    stm32f10x_flash.o(i.FLASH_EraseAllBank1Pages) refers to stm32f10x_flash.o(i.FLASH_WaitForLastBank1Operation) for FLASH_WaitForLastBank1Operation
    stm32f10x_flash.o(i.FLASH_EraseAllPages) refers to stm32f10x_flash.o(i.FLASH_WaitForLastOperation) for FLASH_WaitForLastOperation
    stm32f10x_flash.o(i.FLASH_EraseOptionBytes) refers to stm32f10x_flash.o(i.FLASH_GetReadOutProtectionStatus) for FLASH_GetReadOutProtectionStatus
    stm32f10x_flash.o(i.FLASH_EraseOptionBytes) refers to stm32f10x_flash.o(i.FLASH_WaitForLastOperation) for FLASH_WaitForLastOperation
    stm32f10x_flash.o(i.FLASH_ErasePage) refers to stm32f10x_flash.o(i.FLASH_WaitForLastOperation) for FLASH_WaitForLastOperation
    stm32f10x_flash.o(i.FLASH_ProgramHalfWord) refers to stm32f10x_flash.o(i.FLASH_WaitForLastOperation) for FLASH_WaitForLastOperation
    stm32f10x_flash.o(i.FLASH_ProgramOptionByteData) refers to stm32f10x_flash.o(i.FLASH_WaitForLastOperation) for FLASH_WaitForLastOperation
    stm32f10x_flash.o(i.FLASH_ProgramWord) refers to stm32f10x_flash.o(i.FLASH_WaitForLastOperation) for FLASH_WaitForLastOperation
    stm32f10x_flash.o(i.FLASH_ReadOutProtection) refers to stm32f10x_flash.o(i.FLASH_WaitForLastOperation) for FLASH_WaitForLastOperation
    stm32f10x_flash.o(i.FLASH_UserOptionByteConfig) refers to stm32f10x_flash.o(i.FLASH_WaitForLastOperation) for FLASH_WaitForLastOperation
    stm32f10x_flash.o(i.FLASH_WaitForLastBank1Operation) refers to stm32f10x_flash.o(i.FLASH_GetBank1Status) for FLASH_GetBank1Status
    stm32f10x_flash.o(i.FLASH_WaitForLastOperation) refers to stm32f10x_flash.o(i.FLASH_GetBank1Status) for FLASH_GetBank1Status
[...]
    ../clib/memcpset.s                       0x00000000   Number         0  strcmpv7m.o ABSOLUTE
    ../clib/misc.s                           0x00000000   Number         0  printf_stubs.o ABSOLUTE
    ../clib/printf.c                         0x00000000   Number         0  __printf_nopercent.o ABSOLUTE
    ../clib/printf.c                         0x00000000   Number         0  _printf_hex_ll.o ABSOLUTE
    ../clib/printf.c                         0x00000000   Number         0  _printf_hex_int.o ABSOLUTE
    ../clib/printf.c                         0x00000000   Number         0  _printf_hex_int_ll.o ABSOLUTE
    ../clib/printf.c                         0x00000000   Number         0  _printf_hex_ptr.o ABSOLUTE
    ../clib/printf.c                         0x00000000   Number         0  _printf_hex_int_ptr.o ABSOLUTE
    ../clib/printf.c                         0x00000000   Number         0  _printf_hex_ll_ptr.o ABSOLUTE
    ../clib/printf.c                         0x00000000   Number         0  _printf_hex_int_ll_ptr.o ABSOLUTE
    ../clib/printf.c                         0x00000000   Number         0  _printf_fp_dec.o ABSOLUTE
    ../clib/printf.c                         0x00000000   Number         0  _printf_intcommon.o ABSOLUTE
    ../clib/printf.c                         0x00000000   Number         0  __printf_flags.o ABSOLUTE
    ../clib/printf.c                         0x00000000   Number         0  __printf_ss.o ABSOLUTE
    ../clib/printf.c                         0x00000000   Number         0  __printf_flags_ss.o ABSOLUTE
    ../clib/printf.c                         0x00000000   Number         0  __printf_wp.o ABSOLUTE
    ../clib/printf.c                         0x00000000   Number         0  __printf_flags_wp.o ABSOLUTE
    ../clib/printf.c                         0x00000000   Number         0  __printf_ss_wp.o ABSOLUTE
    ../clib/printf.c                         0x00000000   Number         0  __printf_flags_ss_wp.o ABSOLUTE
    ../clib/printf.c                         0x00000000   Number         0  _printf_truncate.o ABSOLUTE
    ../clib/printf.c                         0x00000000   Number         0  _printf_str.o ABSOLUTE
    ../clib/printf.c                         0x00000000   Number         0  _printf_dec.o ABSOLUTE
    ../clib/printf.c                         0x00000000   Number         0  _printf_charcount.o ABSOLUTE
    ../clib/printf.c                         0x00000000   Number         0  _printf_fp_infnan.o ABSOLUTE
    ../clib/printf.c                         0x00000000   Number         0  _printf_char_common.o ABSOLUTE
    ../clib/printf.c                         0x00000000   Number         0  _sputc.o ABSOLUTE
    ../clib/printf.c                         0x00000000   Number         0  c89vsprintf.o ABSOLUTE
    ../clib/printf.c                         0x00000000   Number         0  _printf_wctomb.o ABSOLUTE
    ../clib/printf.c                         0x00000000   Number         0  _printf_longlong_dec.o ABSOLUTE
    ../clib/printf.c                         0x00000000   Number         0  _printf_wchar.o ABSOLUTE
    ../clib/printf.c                         0x00000000   Number         0  _printf_oct_ll.o ABSOLUTE
    ../clib/printf.c                         0x00000000   Number         0  _printf_oct_int.o ABSOLUTE
    ../clib/printf.c                         0x00000000   Number         0  _printf_oct_int_ll.o ABSOLUTE
    ../clib/printf.c                         0x00000000   Number         0  _printf_char.o ABSOLUTE
    ../clib/printf.c                         0x00000000   Number         0  __printf.o ABSOLUTE
    ../clib/printf.c                         0x00000000   Number         0  _printf_pad.o ABSOLUTE
    ../clib/printf_percent.s                 0x00000000   Number         0  _printf_l.o ABSOLUTE
    ../clib/printf_percent.s                 0x00000000   Number         0  _printf_n.o ABSOLUTE
    ../clib/printf_percent.s                 0x00000000   Number         0  _printf_lc.o ABSOLUTE
    ../clib/printf_percent.s                 0x00000000   Number         0  _printf_percent_end.o ABSOLUTE
    ../clib/printf_percent.s                 0x00000000   Number         0  _printf_ll.o ABSOLUTE
    ../clib/printf_percent.s                 0x00000000   Number         0  _printf_d.o ABSOLUTE
    ../clib/printf_percent.s                 0x00000000   Number         0  _printf_s.o ABSOLUTE
    ../clib/printf_percent.s                 0x00000000   Number         0  _printf_ls.o ABSOLUTE
    ../clib/printf_percent.s                 0x00000000   Number         0  _printf_c.o ABSOLUTE
    ../clib/printf_percent.s                 0x00000000   Number         0  _printf_x.o ABSOLUTE
    ../clib/printf_percent.s                 0x00000000   Number         0  _printf_llo.o ABSOLUTE
    ../clib/printf_percent.s                 0x00000000   Number         0  _printf_e.o ABSOLUTE
    ../clib/printf_percent.s                 0x00000000   Number         0  _printf_llx.o ABSOLUTE
    ../clib/printf_percent.s                 0x00000000   Number         0  _printf_i.o ABSOLUTE
    ../clib/printf_percent.s                 0x00000000   Number         0  _printf_lli.o ABSOLUTE
    ../clib/printf_percent.s                 0x00000000   Number         0  _printf_percent.o ABSOLUTE
    ../clib/printf_percent.s                 0x00000000   Number         0  _printf_lld.o ABSOLUTE
    ../clib/printf_percent.s                 0x00000000   Number         0  _printf_u.o ABSOLUTE
    ../clib/printf_percent.s                 0x00000000   Number         0  _printf_a.o ABSOLUTE
    ../clib/printf_percent.s                 0x00000000   Number         0  _printf_f.o ABSOLUTE
    ../clib/printf_percent.s                 0x00000000   Number         0  _printf_g.o ABSOLUTE
    ../clib/printf_percent.s                 0x00000000   Number         0  _printf_o.o ABSOLUTE
    ../clib/printf_percent.s                 0x00000000   Number         0  _printf_llu.o ABSOLUTE
    ../clib/printf_percent.s                 0x00000000   Number         0  _printf_p.o ABSOLUTE
    ../clib/signal.c                         0x00000000   Number         0  __raise.o ABSOLUTE
    ../clib/signal.c                         0x00000000   Number         0  defsig_rtmem_inner.o ABSOLUTE
    ../clib/signal.c                         0x00000000   Number         0  defsig_exit.o ABSOLUTE
    ../clib/signal.c                         0x00000000   Number         0  defsig_general.o ABSOLUTE
    ../clib/signal.c                         0x00000000   Number         0  defsig_rtmem_formal.o ABSOLUTE
    ../clib/signal.c                         0x00000000   Number         0  defsig_rtmem_outer.o ABSOLUTE
    ../clib/signal.c                         0x00000000   Number         0  defsig_rtred_inner.o ABSOLUTE
    ../clib/signal.c                         0x00000000   Number         0  defsig_fpe_inner.o ABSOLUTE
    ../clib/signal.c                         0x00000000   Number         0  defsig_abrt_inner.o ABSOLUTE
    ../clib/signal.c                         0x00000000   Number         0  defsig_other.o ABSOLUTE
    ../clib/signal.c                         0x00000000   Number         0  defsig_segv_inner.o ABSOLUTE
    ../clib/signal.c                         0x00000000   Number         0  defsig_cppl_inner.o ABSOLUTE
    ../clib/signal.c                         0x00000000   Number         0  defsig_pvfn_inner.o ABSOLUTE
    ../clib/signal.c                         0x00000000   Number         0  defsig_stak_inner.o ABSOLUTE
    ../clib/signal.s                         0x00000000   Number         0  defsig.o ABSOLUTE
    ../clib/stdlib.c                         0x00000000   Number         0  exit.o ABSOLUTE
    ../fplib/fpinit.s                        0x00000000   Number         0  fpinit.o ABSOLUTE
    ../fplib/istatus.s                       0x00000000   Number         0  istatus.o ABSOLUTE
    ../fplib/printf1.s                       0x00000000   Number         0  printf1.o ABSOLUTE
    ../fplib/usenofp.s                       0x00000000   Number         0  usenofp.o ABSOLUTE
    ../mathlib/fpclassify.c                  0x00000000   Number         0  fpclassify.o ABSOLUTE
    Hardware\Key.c                           0x00000000   Number         0  key.o ABSOLUTE
    Hardware\LED.c                           0x00000000   Number         0  led.o ABSOLUTE
    Hardware\MyI2C.c                         0x00000000   Number         0  myi2c.o ABSOLUTE
    Hardware\OLED.c                          0x00000000   Number         0  oled.o ABSOLUTE
    Hardware\PWM.c                           0x00000000   Number         0  pwm.o ABSOLUTE
    Hardware\Serial.c                        0x00000000   Number         0  serial.o ABSOLUTE
    Libarys\misc.c                           0x00000000   Number         0  misc.o ABSOLUTE
    Libarys\stm32f10x_adc.c                  0x00000000   Number         0  stm32f10x_adc.o ABSOLUTE
    Libarys\stm32f10x_bkp.c                  0x00000000   Number         0  stm32f10x_bkp.o ABSOLUTE
    Libarys\stm32f10x_can.c                  0x00000000   Number         0  stm32f10x_can.o ABSOLUTE
    Libarys\stm32f10x_cec.c                  0x00000000   Number         0  stm32f10x_cec.o ABSOLUTE
    Libarys\stm32f10x_crc.c                  0x00000000   Number         0  stm32f10x_crc.o ABSOLUTE
    Libarys\stm32f10x_dac.c                  0x00000000   Number         0  stm32f10x_dac.o ABSOLUTE
    Libarys\stm32f10x_dbgmcu.c               0x00000000   Number         0  stm32f10x_dbgmcu.o ABSOLUTE
    Libarys\stm32f10x_dma.c                  0x00000000   Number         0  stm32f10x_dma.o ABSOLUTE
    Libarys\stm32f10x_exti.c                 0x00000000   Number         0  stm32f10x_exti.o ABSOLUTE
    Libarys\stm32f10x_flash.c                0x00000000   Number         0  stm32f10x_flash.o ABSOLUTE
    Libarys\stm32f10x_fsmc.c                 0x00000000   Number         0  stm32f10x_fsmc.o ABSOLUTE
    Libarys\stm32f10x_gpio.c                 0x00000000   Number         0  stm32f10x_gpio.o ABSOLUTE
    Libarys\stm32f10x_i2c.c                  0x00000000   Number         0  stm32f10x_i2c.o ABSOLUTE
    Libarys\stm32f10x_iwdg.c                 0x00000000   Number         0  stm32f10x_iwdg.o ABSOLUTE
    Libarys\stm32f10x_pwr.c                  0x00000000   Number         0  stm32f10x_pwr.o ABSOLUTE
    Libarys\stm32f10x_rcc.c                  0x00000000   Number         0  stm32f10x_rcc.o ABSOLUTE
    Libarys\stm32f10x_rtc.c                  0x00000000   Number         0  stm32f10x_rtc.o ABSOLUTE
    Libarys\stm32f10x_sdio.c                 0x00000000   Number         0  stm32f10x_sdio.o ABSOLUTE
    Libarys\stm32f10x_spi.c                  0x00000000   Number         0  stm32f10x_spi.o ABSOLUTE
    Libarys\stm32f10x_tim.c                  0x00000000   Number         0  stm32f10x_tim.o ABSOLUTE
    Libarys\stm32f10x_usart.c                0x00000000   Number         0  stm32f10x_usart.o ABSOLUTE
    Libarys\stm32f10x_wwdg.c                 0x00000000   Number         0  stm32f10x_wwdg.o ABSOLUTE
    Start\\core_cm3.c                        0x00000000   Number         0  core_cm3.o ABSOLUTE
    Start\core_cm3.c                         0x00000000   Number         0  core_cm3.o ABSOLUTE
    Start\startup_stm32f10x_md.s             0x00000000   Number         0  startup_stm32f10x_md.o ABSOLUTE
    Start\system_stm32f10x.c                 0x00000000   Number         0  system_stm32f10x.o ABSOLUTE
    System\Delay.c                           0x00000000   Number         0  delay.o ABSOLUTE
    User\main.c                              0x00000000   Number         0  main.o ABSOLUTE
    User\stm32f10x_it.c                      0x00000000   Number         0  stm32f10x_it.o ABSOLUTE
    dc.s                                     0x00000000   Number         0  dc.o ABSOLUTE
    RESET                                    0x08000000   Section      236  startup_stm32f10x_md.o(RESET)
    !!!main                                  0x080000ec   Section        8  __main.o(!!!main)
    !!!scatter                               0x080000f4   Section       52  __scatter.o(!!!scatter)
    !!dczerorl2                              0x08000128   Section       90  __dczerorl2.o(!!dczerorl2)
    !!handler_zi                             0x08000184   Section       28  __scatter_zi.o(!!handler_zi)
    .ARM.Collect$$_printf_percent$$00000000  0x080001a0   Section        0  _printf_percent.o(.ARM.Collect$$_printf_percent$$00000000)
    .ARM.Collect$$_printf_percent$$00000001  0x080001a0   Section        6  _printf_n.o(.ARM.Collect$$_printf_percent$$00000001)
    .ARM.Collect$$_printf_percent$$00000002  0x080001a6   Section        6  _printf_p.o(.ARM.Collect$$_printf_percent$$00000002)
    .ARM.Collect$$_printf_percent$$00000003  0x080001ac   Section        6  _printf_f.o(.ARM.Collect$$_printf_percent$$00000003)
    .ARM.Collect$$_printf_percent$$00000004  0x080001b2   Section        6  _printf_e.o(.ARM.Collect$$_printf_percent$$00000004)
    .ARM.Collect$$_printf_percent$$00000005  0x080001b8   Section        6  _printf_g.o(.ARM.Collect$$_printf_percent$$00000005)
    .ARM.Collect$$_printf_percent$$00000006  0x080001be   Section        6  _printf_a.o(.ARM.Collect$$_printf_percent$$00000006)
    .ARM.Collect$$_printf_percent$$00000007  0x080001c4   Section       10  _printf_ll.o(.ARM.Collect$$_printf_percent$$00000007)
    .ARM.Collect$$_printf_percent$$00000008  0x080001ce   Section        6  _printf_i.o(.ARM.Collect$$_printf_percent$$00000008)
    .ARM.Collect$$_printf_percent$$00000009  0x080001d4   Section        6  _printf_d.o(.ARM.Collect$$_printf_percent$$00000009)
    .ARM.Collect$$_printf_percent$$0000000A  0x080001da   Section        6  _printf_u.o(.ARM.Collect$$_printf_percent$$0000000A)
    .ARM.Collect$$_printf_percent$$0000000B  0x080001e0   Section        6  _printf_o.o(.ARM.Collect$$_printf_percent$$0000000B)
    .ARM.Collect$$_printf_percent$$0000000C  0x080001e6   Section        6  _printf_x.o(.ARM.Collect$$_printf_percent$$0000000C)
    .ARM.Collect$$_printf_percent$$0000000D  0x080001ec   Section        6  _printf_lli.o(.ARM.Collect$$_printf_percent$$0000000D)
    .ARM.Collect$$_printf_percent$$0000000E  0x080001f2   Section        6  _printf_lld.o(.ARM.Collect$$_printf_percent$$0000000E)
    .ARM.Collect$$_printf_percent$$0000000F  0x080001f8   Section        6  _printf_llu.o(.ARM.Collect$$_printf_percent$$0000000F)
    .ARM.Collect$$_printf_percent$$00000010  0x080001fe   Section        6  _printf_llo.o(.ARM.Collect$$_printf_percent$$00000010)
    .ARM.Collect$$_printf_percent$$00000011  0x08000204   Section        6  _printf_llx.o(.ARM.Collect$$_printf_percent$$00000011)
    .ARM.Collect$$_printf_percent$$00000012  0x0800020a   Section       10  _printf_l.o(.ARM.Collect$$_printf_percent$$00000012)
    .ARM.Collect$$_printf_percent$$00000013  0x08000214   Section        6  _printf_c.o(.ARM.Collect$$_printf_percent$$00000013)
    .ARM.Collect$$_printf_percent$$00000014  0x0800021a   Section        6  _printf_s.o(.ARM.Collect$$_printf_percent$$00000014)
    .ARM.Collect$$_printf_percent$$00000015  0x08000220   Section        6  _printf_lc.o(.ARM.Collect$$_printf_percent$$00000015)
    .ARM.Collect$$_printf_percent$$00000016  0x08000226   Section        6  _printf_ls.o(.ARM.Collect$$_printf_percent$$00000016)
    .ARM.Collect$$_printf_percent$$00000017  0x0800022c   Section        4  _printf_percent_end.o(.ARM.Collect$$_printf_percent$$00000017)
    .ARM.Collect$$libinit$$00000000          0x08000230   Section        2  libinit.o(.ARM.Collect$$libinit$$00000000)
    .ARM.Collect$$libinit$$00000002          0x08000232   Section        0  libinit2.o(.ARM.Collect$$libinit$$00000002)
    .ARM.Collect$$libinit$$00000004          0x08000232   Section        0  libinit2.o(.ARM.Collect$$libinit$$00000004)
    .ARM.Collect$$libinit$$0000000A          0x08000232   Section        0  libinit2.o(.ARM.Collect$$libinit$$0000000A)
    .ARM.Collect$$libinit$$0000000C          0x08000232   Section        0  libinit2.o(.ARM.Collect$$libinit$$0000000C)
    .ARM.Collect$$libinit$$0000000E          0x08000232   Section        0  libinit2.o(.ARM.Collect$$libinit$$0000000E)
    .ARM.Collect$$libinit$$0000000F          0x08000232   Section        6  libinit2.o(.ARM.Collect$$libinit$$0000000F)
    .ARM.Collect$$libinit$$00000011          0x08000238   Section        0  libinit2.o(.ARM.Collect$$libinit$$00000011)
    .ARM.Collect$$libinit$$00000012          0x08000238   Section       12  libinit2.o(.ARM.Collect$$libinit$$00000012)
    .ARM.Collect$$libinit$$00000013          0x08000244   Section        0  libinit2.o(.ARM.Collect$$libinit$$00000013)
    .ARM.Collect$$libinit$$00000015          0x08000244   Section        0  libinit2.o(.ARM.Collect$$libinit$$00000015)
    .ARM.Collect$$libinit$$00000016          0x08000244   Section       10  libinit2.o(.ARM.Collect$$libinit$$00000016)
    .ARM.Collect$$libinit$$00000017          0x0800024e   Section        0  libinit2.o(.ARM.Collect$$libinit$$00000017)
    .ARM.Collect$$libinit$$00000019          0x0800024e   Section        0  libinit2.o(.ARM.Collect$$libinit$$00000019)
    .ARM.Collect$$libinit$$0000001B          0x0800024e   Section        0  libinit2.o(.ARM.Collect$$libinit$$0000001B)
    .ARM.Collect$$libinit$$0000001D          0x0800024e   Section        0  libinit2.o(.ARM.Collect$$libinit$$0000001D)
    .ARM.Collect$$libinit$$0000001F          0x0800024e   Section        0  libinit2.o(.ARM.Collect$$libinit$$0000001F)
    .ARM.Collect$$libinit$$00000021          0x0800024e   Section        0  libinit2.o(.ARM.Collect$$libinit$$00000021)
    .ARM.Collect$$libinit$$00000023          0x0800024e   Section        0  libinit2.o(.ARM.Collect$$libinit$$00000023)
    .ARM.Collect$$libinit$$00000025          0x0800024e   Section        0  libinit2.o(.ARM.Collect$$libinit$$00000025)
    .ARM.Collect$$libinit$$0000002C          0x0800024e   Section        0  libinit2.o(.ARM.Collect$$libinit$$0000002C)
    .ARM.Collect$$libinit$$0000002E          0x0800024e   Section        0  libinit2.o(.ARM.Collect$$libinit$$0000002E)
    .ARM.Collect$$libinit$$00000030          0x0800024e   Section        0  libinit2.o(.ARM.Collect$$libinit$$00000030)
    .ARM.Collect$$libinit$$00000032          0x0800024e   Section        0  libinit2.o(.ARM.Collect$$libinit$$00000032)
    .ARM.Collect$$libinit$$00000033          0x0800024e   Section        2  libinit2.o(.ARM.Collect$$libinit$$00000033)
    .ARM.Collect$$libshutdown$$00000000      0x08000250   Section        2  libshutdown.o(.ARM.Collect$$libshutdown$$00000000)
    .ARM.Collect$$libshutdown$$00000002      0x08000252   Section        0  libshutdown2.o(.ARM.Collect$$libshutdown$$00000002)
    .ARM.Collect$$libshutdown$$00000004      0x08000252   Section        0  libshutdown2.o(.ARM.Collect$$libshutdown$$00000004)
    .ARM.Collect$$libshutdown$$00000007      0x08000252   Section        0  libshutdown2.o(.ARM.Collect$$libshutdown$$00000007)
    .ARM.Collect$$libshutdown$$0000000A      0x08000252   Section        0  libshutdown2.o(.ARM.Collect$$libshutdown$$0000000A)
    .ARM.Collect$$libshutdown$$0000000C      0x08000252   Section        0  libshutdown2.o(.ARM.Collect$$libshutdown$$0000000C)
    .ARM.Collect$$libshutdown$$0000000F      0x08000252   Section        0  libshutdown2.o(.ARM.Collect$$libshutdown$$0000000F)
    .ARM.Collect$$libshutdown$$00000010      0x08000252   Section        2  libshutdown2.o(.ARM.Collect$$libshutdown$$00000010)
    .ARM.Collect$$rtentry$$00000000          0x08000254   Section        0  __rtentry.o(.ARM.Collect$$rtentry$$00000000)
    .ARM.Collect$$rtentry$$00000002          0x08000254   Section        0  __rtentry2.o(.ARM.Collect$$rtentry$$00000002)
    .ARM.Collect$$rtentry$$00000004          0x08000254   Section        6  __rtentry4.o(.ARM.Collect$$rtentry$$00000004)
    .ARM.Collect$$rtentry$$00000009          0x0800025a   Section        0  __rtentry2.o(.ARM.Collect$$rtentry$$00000009)
    .ARM.Collect$$rtentry$$0000000A          0x0800025a   Section        4  __rtentry2.o(.ARM.Collect$$rtentry$$0000000A)
    .ARM.Collect$$rtentry$$0000000C          0x0800025e   Section        0  __rtentry2.o(.ARM.Collect$$rtentry$$0000000C)
    .ARM.Collect$$rtentry$$0000000D          0x0800025e   Section        8  __rtentry2.o(.ARM.Collect$$rtentry$$0000000D)
    .ARM.Collect$$rtexit$$00000000           0x08000266   Section        2  rtexit.o(.ARM.Collect$$rtexit$$00000000)
    .ARM.Collect$$rtexit$$00000002           0x08000268   Section        0  rtexit2.o(.ARM.Collect$$rtexit$$00000002)
    .ARM.Collect$$rtexit$$00000003           0x08000268   Section        4  rtexit2.o(.ARM.Collect$$rtexit$$00000003)
    .ARM.Collect$$rtexit$$00000004           0x0800026c   Section        6  rtexit2.o(.ARM.Collect$$rtexit$$00000004)
    .text                                    0x08000274   Section       64  startup_stm32f10x_md.o(.text)
    .text                                    0x080002b4   Section        0  c89vsprintf.o(.text)
    .text                                    0x080002d8   Section        0  heapauxi.o(.text)
    .text                                    0x080002de   Section        0  _printf_pad.o(.text)
    .text                                    0x0800032c   Section        0  _printf_truncate.o(.text)
    .text                                    0x08000350   Section        0  _printf_str.o(.text)
    .text                                    0x080003a4   Section        0  _printf_dec.o(.text)
    .text                                    0x0800041c   Section        0  _printf_charcount.o(.text)
    .text                                    0x08000444   Section        0  _printf_char_common.o(.text)
    _printf_input_char                       0x08000445   Thumb Code    10  _printf_char_common.o(.text)
    .text                                    0x08000474   Section        0  _sputc.o(.text)
    .text                                    0x08000480   Section        0  _printf_wctomb.o(.text)
    .text                                    0x0800053c   Section        0  _printf_longlong_dec.o(.text)
    .text                                    0x080005b8   Section        0  _printf_oct_int_ll.o(.text)
    _printf_longlong_oct_internal            0x080005b9   Thumb Code     0  _printf_oct_int_ll.o(.text)
    .text                                    0x08000628   Section        0  _printf_hex_int_ll_ptr.o(.text)
    _printf_hex_common                       0x08000629   Thumb Code     0  _printf_hex_int_ll_ptr.o(.text)
    .text                                    0x080006bc   Section        0  __printf_flags_ss_wp.o(.text)
    .text                                    0x08000844   Section      138  lludiv10.o(.text)
    .text                                    0x080008ce   Section        0  _printf_intcommon.o(.text)
    .text                                    0x08000980   Section        0  _printf_fp_dec.o(.text)
    _fp_digits                               0x08000983   Thumb Code   432  _printf_fp_dec.o(.text)
    .text                                    0x08000d9e   Section        0  _printf_char.o(.text)
    .text                                    0x08000dca   Section        0  _printf_wchar.o(.text)
    .text                                    0x08000df6   Section        0  _wcrtomb.o(.text)
    .text                                    0x08000e36   Section       74  sys_stackheap_outer.o(.text)
    .text                                    0x08000e80   Section       16  rt_ctype_table.o(.text)
    .text                                    0x08000e90   Section        8  rt_locale_intlibspace.o(.text)
    .text                                    0x08000e98   Section        0  _printf_fp_infnan.o(.text)
    .text                                    0x08000f18   Section        0  bigflt0.o(.text)
    .text                                    0x08000ffc   Section        0  exit.o(.text)
    .text                                    0x08001010   Section        8  libspace.o(.text)
    .text                                    0x08001018   Section      128  strcmpv7m.o(.text)
    .text                                    0x08001098   Section        0  sys_exit.o(.text)
    .text                                    0x080010a4   Section        2  use_no_semi.o(.text)
    .text                                    0x080010a6   Section        0  indicate_semi.o(.text)
    CL$$btod_d2e                             0x080010a6   Section       62  btod.o(CL$$btod_d2e)
    CL$$btod_d2e_denorm_low                  0x080010e4   Section       70  btod.o(CL$$btod_d2e_denorm_low)
    CL$$btod_d2e_norm_op1                    0x0800112a   Section       96  btod.o(CL$$btod_d2e_norm_op1)
    CL$$btod_div_common                      0x0800118a   Section      824  btod.o(CL$$btod_div_common)
    CL$$btod_e2e                             0x080014c2   Section      220  btod.o(CL$$btod_e2e)
    CL$$btod_ediv                            0x0800159e   Section       42  btod.o(CL$$btod_ediv)
    CL$$btod_emul                            0x080015c8   Section       42  btod.o(CL$$btod_emul)
    CL$$btod_mult_common                     0x080015f2   Section      580  btod.o(CL$$btod_mult_common)
    i.BusFault_Handler                       0x08001836   Section        0  stm32f10x_it.o(i.BusFault_Handler)
    i.DebugMon_Handler                       0x0800183a   Section        0  stm32f10x_it.o(i.DebugMon_Handler)
    i.Delay_ms                               0x0800183c   Section        0  delay.o(i.Delay_ms)
    i.Delay_us                               0x08001854   Section        0  delay.o(i.Delay_us)
    i.GPIO_Init                              0x08001882   Section        0  stm32f10x_gpio.o(i.GPIO_Init)
    i.GPIO_ReadInputDataBit                  0x08001998   Section        0  stm32f10x_gpio.o(i.GPIO_ReadInputDataBit)
    i.GPIO_WriteBit                          0x080019aa   Section        0  stm32f10x_gpio.o(i.GPIO_WriteBit)
    i.HardFault_Handler                      0x080019b4   Section        0  stm32f10x_it.o(i.HardFault_Handler)
    i.MemManage_Handler                      0x080019b8   Section        0  stm32f10x_it.o(i.MemManage_Handler)
    i.MyI2C_Init                             0x080019bc   Section        0  myi2c.o(i.MyI2C_Init)
    i.MyI2C_R_SDA                            0x08001a24   Section        0  myi2c.o(i.MyI2C_R_SDA)
    i.MyI2C_ReceiveAck                       0x08001a40   Section        0  myi2c.o(i.MyI2C_ReceiveAck)
    i.MyI2C_SendByte                         0x08001a5e   Section        0  myi2c.o(i.MyI2C_SendByte)
    i.MyI2C_Start                            0x08001a88   Section        0  myi2c.o(i.MyI2C_Start)
    i.MyI2C_Stop                             0x08001aa4   Section        0  myi2c.o(i.MyI2C_Stop)
    i.MyI2C_W_SCL                            0x08001abc   Section        0  myi2c.o(i.MyI2C_W_SCL)
    i.MyI2C_W_SDA                            0x08001ad8   Section        0  myi2c.o(i.MyI2C_W_SDA)
    i.NMI_Handler                            0x08001af4   Section        0  stm32f10x_it.o(i.NMI_Handler)
    i.NVIC_Init                              0x08001af8   Section        0  misc.o(i.NVIC_Init)
    i.NVIC_PriorityGroupConfig               0x08001b68   Section        0  misc.o(i.NVIC_PriorityGroupConfig)
    i.OLED_Clear                             0x08001b7c   Section        0  oled.o(i.OLED_Clear)
    i.OLED_ClearArea                         0x08001b8c   Section        0  oled.o(i.OLED_ClearArea)
    i.OLED_Init                              0x08001c0c   Section        0  oled.o(i.OLED_Init)
    i.OLED_ShowChar                          0x08001ce8   Section        0  oled.o(i.OLED_ShowChar)
    i.OLED_ShowHugeChar                      0x08001d08   Section        0  oled.o(i.OLED_ShowHugeChar)
    i.OLED_ShowImage                         0x08001d48   Section        0  oled.o(i.OLED_ShowImage)
    i.OLED_ShowSmallChar                     0x08001e34   Section        0  oled.o(i.OLED_ShowSmallChar)
    i.OLED_ShowString                        0x08001e78   Section        0  oled.o(i.OLED_ShowString)
    i.OLED_Update                            0x08001e98   Section        0  oled.o(i.OLED_Update)
    i.OLED_WriteCommand                      0x08001ec0   Section        0  oled.o(i.OLED_WriteCommand)
    i.OLED_WriteData                         0x08001eec   Section        0  oled.o(i.OLED_WriteData)
    i.OLED_printf                            0x08001f26   Section        0  oled.o(i.OLED_printf)
    i.PendSV_Handler                         0x08001f50   Section        0  stm32f10x_it.o(i.PendSV_Handler)
    i.RCC_APB2PeriphClockCmd                 0x08001f54   Section        0  stm32f10x_rcc.o(i.RCC_APB2PeriphClockCmd)
    i.RCC_GetClocksFreq                      0x08001f74   Section        0  stm32f10x_rcc.o(i.RCC_GetClocksFreq)
    i.SVC_Handler                            0x08002048   Section        0  stm32f10x_it.o(i.SVC_Handler)
    i.Serial_Init                            0x0800204c   Section        0  serial.o(i.Serial_Init)
    i.SetSysClock                            0x08002104   Section        0  system_stm32f10x.o(i.SetSysClock)
    SetSysClock                              0x08002105   Thumb Code     8  system_stm32f10x.o(i.SetSysClock)
    i.SetSysClockTo72                        0x0800210c   Section        0  system_stm32f10x.o(i.SetSysClockTo72)
    SetSysClockTo72                          0x0800210d   Thumb Code   214  system_stm32f10x.o(i.SetSysClockTo72)
    i.SysTick_Handler                        0x080021ec   Section        0  stm32f10x_it.o(i.SysTick_Handler)
    i.SystemInit                             0x080021f0   Section        0  system_stm32f10x.o(i.SystemInit)
    i.USART1_IRQHandler                      0x08002250   Section        0  main.o(i.USART1_IRQHandler)
    i.USART_Cmd                              0x080022a0   Section        0  stm32f10x_usart.o(i.USART_Cmd)
    i.USART_GetITStatus                      0x080022b8   Section        0  stm32f10x_usart.o(i.USART_GetITStatus)
    i.USART_ITConfig                         0x0800230c   Section        0  stm32f10x_usart.o(i.USART_ITConfig)
    i.USART_Init                             0x08002358   Section        0  stm32f10x_usart.o(i.USART_Init)
    i.USART_ReceiveData                      0x08002430   Section        0  stm32f10x_usart.o(i.USART_ReceiveData)
    i.UsageFault_Handler                     0x0800243a   Section        0  stm32f10x_it.o(i.UsageFault_Handler)
    i._OLED_Check                            0x08002440   Section        0  oled.o(i._OLED_Check)
    i._OLED_SetCursor                        0x0800245c   Section        0  oled.o(i._OLED_SetCursor)
    i._Update_Cursor                         0x08002480   Section        0  oled.o(i._Update_Cursor)
    i.__ARM_fpclassify                       0x080024b4   Section        0  fpclassify.o(i.__ARM_fpclassify)
    i._is_digit                              0x080024dc   Section        0  __printf_wp.o(i._is_digit)
    i.main                                   0x080024ec   Section        0  main.o(i.main)
    locale$$code                             0x0800255c   Section       44  lc_numeric_c.o(locale$$code)
    locale$$code                             0x08002588   Section       44  lc_ctype_c.o(locale$$code)
    x$fpl$printf1                            0x080025b4   Section        4  printf1.o(x$fpl$printf1)
    .constdata                               0x080025b8   Section     2090  oled.o(.constdata)
    x$fpl$usenofp                            0x080025b8   Section        0  usenofp.o(x$fpl$usenofp)
    .constdata                               0x08002de4   Section        8  _printf_wctomb.o(.constdata)
    initial_mbstate                          0x08002de4   Data           8  _printf_wctomb.o(.constdata)
    .constdata                               0x08002dec   Section       40  _printf_hex_int_ll_ptr.o(.constdata)
    uc_hextab                                0x08002dec   Data          20  _printf_hex_int_ll_ptr.o(.constdata)
    lc_hextab                                0x08002e00   Data          20  _printf_hex_int_ll_ptr.o(.constdata)
    .constdata                               0x08002e14   Section       17  __printf_flags_ss_wp.o(.constdata)
    maptable                                 0x08002e14   Data          17  __printf_flags_ss_wp.o(.constdata)
    .constdata                               0x08002e28   Section      148  bigflt0.o(.constdata)
    tenpwrs_x                                0x08002e28   Data          60  bigflt0.o(.constdata)
    tenpwrs_i                                0x08002e64   Data          64  bigflt0.o(.constdata)
    locale$$data                             0x08002edc   Section       28  lc_numeric_c.o(locale$$data)
    __lcnum_c_name                           0x08002ee0   Data           2  lc_numeric_c.o(locale$$data)
    __lcnum_c_start                          0x08002ee8   Data           0  lc_numeric_c.o(locale$$data)
    __lcnum_c_point                          0x08002ef4   Data           0  lc_numeric_c.o(locale$$data)
    __lcnum_c_thousands                      0x08002ef6   Data           0  lc_numeric_c.o(locale$$data)
    __lcnum_c_grouping                       0x08002ef7   Data           0  lc_numeric_c.o(locale$$data)
    locale$$data                             0x08002ef8   Section      272  lc_ctype_c.o(locale$$data)
    __lcnum_c_end                            0x08002ef8   Data           0  lc_numeric_c.o(locale$$data)
    __lcctype_c_name                         0x08002efc   Data           2  lc_ctype_c.o(locale$$data)
    __lcctype_c_start                        0x08002f04   Data           0  lc_ctype_c.o(locale$$data)
    __lcctype_c_end                          0x08003008   Data           0  lc_ctype_c.o(locale$$data)
    .data                                    0x20000000   Section       20  stm32f10x_rcc.o(.data)
    APBAHBPrescTable                         0x20000000   Data          16  stm32f10x_rcc.o(.data)
    ADCPrescTable                            0x20000010   Data           4  stm32f10x_rcc.o(.data)
    .data                                    0x20000014   Section       12  myi2c.o(.data)
    .data                                    0x20000020   Section        6  oled.o(.data)
    .data                                    0x20000026   Section     1028  main.o(.data)
    RxStatus                                 0x20000427   Data           1  main.o(.data)
    RxIdx                                    0x20000428   Data           2  main.o(.data)
    .bss                                     0x2000042c   Section     1024  oled.o(.bss)
    .bss                                     0x2000082c   Section       96  libspace.o(.bss)
    HEAP                                     0x20000890   Section      512  startup_stm32f10x_md.o(HEAP)
    Heap_Mem                                 0x20000890   Data         512  startup_stm32f10x_md.o(HEAP)
    STACK                                    0x20000a90   Section     1024  startup_stm32f10x_md.o(STACK)
    Stack_Mem                                0x20000a90   Data        1024  startup_stm32f10x_md.o(STACK)
    __initial_sp                             0x20000e90   Data           0  startup_stm32f10x_md.o(STACK)

    Global Symbols

    Symbol Name                              Value     Ov Type        Size  Object(Section)

    BuildAttributes$$THM_ISAv4$P$D$K$B$S$PE$A:L22UL41UL21$X:L11$S22US41US21$IEEE1$IW$USESV6$~STKCKD$USESV7$~SHL$OTIME$ROPI$IEEEJ$EBA8$UX$STANDARDLIB$REQ8$PRES8$EABIv2 0x00000000   Number         0  anon$$obj.o ABSOLUTE
    __ARM_use_no_argv                        0x00000000   Number         0  main.o ABSOLUTE
    _printf_flags                            0x00000000   Number         0  printf_stubs.o ABSOLUTE
    _printf_return_value                     0x00000000   Number         0  printf_stubs.o ABSOLUTE
    _printf_sizespec                         0x00000000   Number         0  printf_stubs.o ABSOLUTE
    _printf_widthprec                        0x00000000   Number         0  printf_stubs.o ABSOLUTE
    __ARM_exceptions_init                     - Undefined Weak Reference
    __alloca_initialize                       - Undefined Weak Reference
    __arm_preinit_                            - Undefined Weak Reference
    __cpp_initialize__aeabi_                  - Undefined Weak Reference
    __cxa_finalize                            - Undefined Weak Reference
    __sigvec_lookup                           - Undefined Weak Reference
    _atexit_init                              - Undefined Weak Reference
    _call_atexit_fns                          - Undefined Weak Reference
    _clock_init                               - Undefined Weak Reference
    _fp_trap_init                             - Undefined Weak Reference
    _fp_trap_shutdown                         - Undefined Weak Reference
    _get_lc_collate                           - Undefined Weak Reference
    _get_lc_monetary                          - Undefined Weak Reference
    _get_lc_time                              - Undefined Weak Reference
    _getenv_init                              - Undefined Weak Reference
    _handle_redirection                       - Undefined Weak Reference
    _init_alloc                               - Undefined Weak Reference
    _init_user_alloc                          - Undefined Weak Reference
    _initio                                   - Undefined Weak Reference
    _printf_fp_hex                            - Undefined Weak Reference
    _printf_mbtowc                            - Undefined Weak Reference
    _printf_wc                                - Undefined Weak Reference
    _rand_init                                - Undefined Weak Reference
    _signal_finish                            - Undefined Weak Reference
    _signal_init                              - Undefined Weak Reference
    _terminate_alloc                          - Undefined Weak Reference
    _terminate_user_alloc                     - Undefined Weak Reference
    _terminateio                              - Undefined Weak Reference
    __Vectors_Size                           0x000000ec   Number         0  startup_stm32f10x_md.o ABSOLUTE
    __Vectors                                0x08000000   Data           4  startup_stm32f10x_md.o(RESET)
    __Vectors_End                            0x080000ec   Data           0  startup_stm32f10x_md.o(RESET)
    __main                                   0x080000ed   Thumb Code     8  __main.o(!!!main)
    __scatterload                            0x080000f5   Thumb Code     0  __scatter.o(!!!scatter)
    __scatterload_rt2                        0x080000f5   Thumb Code    44  __scatter.o(!!!scatter)
    __scatterload_rt2_thumb_only             0x080000f5   Thumb Code     0  __scatter.o(!!!scatter)
    __scatterload_null                       0x08000103   Thumb Code     0  __scatter.o(!!!scatter)
    __decompress                             0x08000129   Thumb Code    90  __dczerorl2.o(!!dczerorl2)
    __decompress1                            0x08000129   Thumb Code     0  __dczerorl2.o(!!dczerorl2)
    __scatterload_zeroinit                   0x08000185   Thumb Code    28  __scatter_zi.o(!!handler_zi)
    _printf_n                                0x080001a1   Thumb Code     0  _printf_n.o(.ARM.Collect$$_printf_percent$$00000001)
    _printf_percent                          0x080001a1   Thumb Code     0  _printf_percent.o(.ARM.Collect$$_printf_percent$$00000000)
    _printf_p                                0x080001a7   Thumb Code     0  _printf_p.o(.ARM.Collect$$_printf_percent$$00000002)
    _printf_f                                0x080001ad   Thumb Code     0  _printf_f.o(.ARM.Collect$$_printf_percent$$00000003)
    _printf_e                                0x080001b3   Thumb Code     0  _printf_e.o(.ARM.Collect$$_printf_percent$$00000004)
    _printf_g                                0x080001b9   Thumb Code     0  _printf_g.o(.ARM.Collect$$_printf_percent$$00000005)
    _printf_a                                0x080001bf   Thumb Code     0  _printf_a.o(.ARM.Collect$$_printf_percent$$00000006)
    _printf_ll                               0x080001c5   Thumb Code     0  _printf_ll.o(.ARM.Collect$$_printf_percent$$00000007)
    _printf_i                                0x080001cf   Thumb Code     0  _printf_i.o(.ARM.Collect$$_printf_percent$$00000008)
    _printf_d                                0x080001d5   Thumb Code     0  _printf_d.o(.ARM.Collect$$_printf_percent$$00000009)
    _printf_u                                0x080001db   Thumb Code     0  _printf_u.o(.ARM.Collect$$_printf_percent$$0000000A)
    _printf_o                                0x080001e1   Thumb Code     0  _printf_o.o(.ARM.Collect$$_printf_percent$$0000000B)
    _printf_x                                0x080001e7   Thumb Code     0  _printf_x.o(.ARM.Collect$$_printf_percent$$0000000C)
    _printf_lli                              0x080001ed   Thumb Code     0  _printf_lli.o(.ARM.Collect$$_printf_percent$$0000000D)
    _printf_lld                              0x080001f3   Thumb Code     0  _printf_lld.o(.ARM.Collect$$_printf_percent$$0000000E)
    _printf_llu                              0x080001f9   Thumb Code     0  _printf_llu.o(.ARM.Collect$$_printf_percent$$0000000F)
    _printf_llo                              0x080001ff   Thumb Code     0  _printf_llo.o(.ARM.Collect$$_printf_percent$$00000010)
    _printf_llx                              0x08000205   Thumb Code     0  _printf_llx.o(.ARM.Collect$$_printf_percent$$00000011)
    _printf_l                                0x0800020b   Thumb Code     0  _printf_l.o(.ARM.Collect$$_printf_percent$$00000012)
    _printf_c                                0x08000215   Thumb Code     0  _printf_c.o(.ARM.Collect$$_printf_percent$$00000013)
    _printf_s                                0x0800021b   Thumb Code     0  _printf_s.o(.ARM.Collect$$_printf_percent$$00000014)
    _printf_lc                               0x08000221   Thumb Code     0  _printf_lc.o(.ARM.Collect$$_printf_percent$$00000015)
    _printf_ls                               0x08000227   Thumb Code     0  _printf_ls.o(.ARM.Collect$$_printf_percent$$00000016)
    _printf_percent_end                      0x0800022d   Thumb Code     0  _printf_percent_end.o(.ARM.Collect$$_printf_percent$$00000017)
    __rt_lib_init                            0x08000231   Thumb Code     0  libinit.o(.ARM.Collect$$libinit$$00000000)
    __rt_lib_init_fp_1                       0x08000233   Thumb Code     0  libinit2.o(.ARM.Collect$$libinit$$00000002)
    __rt_lib_init_heap_1                     0x08000233   Thumb Code     0  libinit2.o(.ARM.Collect$$libinit$$0000000A)
    __rt_lib_init_lc_common                  0x08000233   Thumb Code     0  libinit2.o(.ARM.Collect$$libinit$$0000000F)
    __rt_lib_init_preinit_1                  0x08000233   Thumb Code     0  libinit2.o(.ARM.Collect$$libinit$$00000004)
    __rt_lib_init_rand_1                     0x08000233   Thumb Code     0  libinit2.o(.ARM.Collect$$libinit$$0000000E)
    __rt_lib_init_user_alloc_1               0x08000233   Thumb Code     0  libinit2.o(.ARM.Collect$$libinit$$0000000C)
    __rt_lib_init_lc_collate_1               0x08000239   Thumb Code     0  libinit2.o(.ARM.Collect$$libinit$$00000011)
    __rt_lib_init_lc_ctype_2                 0x08000239   Thumb Code     0  libinit2.o(.ARM.Collect$$libinit$$00000012)
    __rt_lib_init_lc_ctype_1                 0x08000245   Thumb Code     0  libinit2.o(.ARM.Collect$$libinit$$00000013)
    __rt_lib_init_lc_monetary_1              0x08000245   Thumb Code     0  libinit2.o(.ARM.Collect$$libinit$$00000015)
    __rt_lib_init_lc_numeric_2               0x08000245   Thumb Code     0  libinit2.o(.ARM.Collect$$libinit$$00000016)
    __rt_lib_init_alloca_1                   0x0800024f   Thumb Code     0  libinit2.o(.ARM.Collect$$libinit$$0000002E)
    __rt_lib_init_argv_1                     0x0800024f   Thumb Code     0  libinit2.o(.ARM.Collect$$libinit$$0000002C)
    __rt_lib_init_atexit_1                   0x0800024f   Thumb Code     0  libinit2.o(.ARM.Collect$$libinit$$0000001B)
    __rt_lib_init_clock_1                    0x0800024f   Thumb Code     0  libinit2.o(.ARM.Collect$$libinit$$00000021)
    __rt_lib_init_cpp_1                      0x0800024f   Thumb Code     0  libinit2.o(.ARM.Collect$$libinit$$00000032)
    __rt_lib_init_exceptions_1               0x0800024f   Thumb Code     0  libinit2.o(.ARM.Collect$$libinit$$00000030)
    __rt_lib_init_fp_trap_1                  0x0800024f   Thumb Code     0  libinit2.o(.ARM.Collect$$libinit$$0000001F)
    __rt_lib_init_getenv_1                   0x0800024f   Thumb Code     0  libinit2.o(.ARM.Collect$$libinit$$00000023)
    __rt_lib_init_lc_numeric_1               0x0800024f   Thumb Code     0  libinit2.o(.ARM.Collect$$libinit$$00000017)
    __rt_lib_init_lc_time_1                  0x0800024f   Thumb Code     0  libinit2.o(.ARM.Collect$$libinit$$00000019)
    __rt_lib_init_return                     0x0800024f   Thumb Code     0  libinit2.o(.ARM.Collect$$libinit$$00000033)
    __rt_lib_init_signal_1                   0x0800024f   Thumb Code     0  libinit2.o(.ARM.Collect$$libinit$$0000001D)
    __rt_lib_init_stdio_1                    0x0800024f   Thumb Code     0  libinit2.o(.ARM.Collect$$libinit$$00000025)
    __rt_lib_shutdown                        0x08000251   Thumb Code     0  libshutdown.o(.ARM.Collect$$libshutdown$$00000000)
    __rt_lib_shutdown_cpp_1                  0x08000253   Thumb Code     0  libshutdown2.o(.ARM.Collect$$libshutdown$$00000002)
    __rt_lib_shutdown_fp_trap_1              0x08000253   Thumb Code     0  libshutdown2.o(.ARM.Collect$$libshutdown$$00000007)
    __rt_lib_shutdown_heap_1                 0x08000253   Thumb Code     0  libshutdown2.o(.ARM.Collect$$libshutdown$$0000000F)
    __rt_lib_shutdown_return                 0x08000253   Thumb Code     0  libshutdown2.o(.ARM.Collect$$libshutdown$$00000010)
    __rt_lib_shutdown_signal_1               0x08000253   Thumb Code     0  libshutdown2.o(.ARM.Collect$$libshutdown$$0000000A)
    __rt_lib_shutdown_stdio_1                0x08000253   Thumb Code     0  libshutdown2.o(.ARM.Collect$$libshutdown$$00000004)
    __rt_lib_shutdown_user_alloc_1           0x08000253   Thumb Code     0  libshutdown2.o(.ARM.Collect$$libshutdown$$0000000C)
    __rt_entry                               0x08000255   Thumb Code     0  __rtentry.o(.ARM.Collect$$rtentry$$00000000)
    __rt_entry_presh_1                       0x08000255   Thumb Code     0  __rtentry2.o(.ARM.Collect$$rtentry$$00000002)
    __rt_entry_sh                            0x08000255   Thumb Code     0  __rtentry4.o(.ARM.Collect$$rtentry$$00000004)
    __rt_entry_li                            0x0800025b   Thumb Code     0  __rtentry2.o(.ARM.Collect$$rtentry$$0000000A)
    __rt_entry_postsh_1                      0x0800025b   Thumb Code     0  __rtentry2.o(.ARM.Collect$$rtentry$$00000009)
    __rt_entry_main                          0x0800025f   Thumb Code     0  __rtentry2.o(.ARM.Collect$$rtentry$$0000000D)
    __rt_entry_postli_1                      0x0800025f   Thumb Code     0  __rtentry2.o(.ARM.Collect$$rtentry$$0000000C)
    __rt_exit                                0x08000267   Thumb Code     0  rtexit.o(.ARM.Collect$$rtexit$$00000000)
    __rt_exit_ls                             0x08000269   Thumb Code     0  rtexit2.o(.ARM.Collect$$rtexit$$00000003)
    __rt_exit_prels_1                        0x08000269   Thumb Code     0  rtexit2.o(.ARM.Collect$$rtexit$$00000002)
    __rt_exit_exit                           0x0800026d   Thumb Code     0  rtexit2.o(.ARM.Collect$$rtexit$$00000004)
    Reset_Handler                            0x08000275   Thumb Code     8  startup_stm32f10x_md.o(.text)
    ADC1_2_IRQHandler                        0x0800028f   Thumb Code     0  startup_stm32f10x_md.o(.text)
    CAN1_RX1_IRQHandler                      0x0800028f   Thumb Code     0  startup_stm32f10x_md.o(.text)
    CAN1_SCE_IRQHandler                      0x0800028f   Thumb Code     0  startup_stm32f10x_md.o(.text)
    DMA1_Channel1_IRQHandler                 0x0800028f   Thumb Code     0  startup_stm32f10x_md.o(.text)
    DMA1_Channel2_IRQHandler                 0x0800028f   Thumb Code     0  startup_stm32f10x_md.o(.text)
    DMA1_Channel3_IRQHandler                 0x0800028f   Thumb Code     0  startup_stm32f10x_md.o(.text)
    DMA1_Channel4_IRQHandler                 0x0800028f   Thumb Code     0  startup_stm32f10x_md.o(.text)
    DMA1_Channel5_IRQHandler                 0x0800028f   Thumb Code     0  startup_stm32f10x_md.o(.text)
    DMA1_Channel6_IRQHandler                 0x0800028f   Thumb Code     0  startup_stm32f10x_md.o(.text)
    DMA1_Channel7_IRQHandler                 0x0800028f   Thumb Code     0  startup_stm32f10x_md.o(.text)
    EXTI0_IRQHandler                         0x0800028f   Thumb Code     0  startup_stm32f10x_md.o(.text)
    EXTI15_10_IRQHandler                     0x0800028f   Thumb Code     0  startup_stm32f10x_md.o(.text)
    EXTI1_IRQHandler                         0x0800028f   Thumb Code     0  startup_stm32f10x_md.o(.text)
    EXTI2_IRQHandler                         0x0800028f   Thumb Code     0  startup_stm32f10x_md.o(.text)
    EXTI3_IRQHandler                         0x0800028f   Thumb Code     0  startup_stm32f10x_md.o(.text)
    EXTI4_IRQHandler                         0x0800028f   Thumb Code     0  startup_stm32f10x_md.o(.text)
    EXTI9_5_IRQHandler                       0x0800028f   Thumb Code     0  startup_stm32f10x_md.o(.text)
    FLASH_IRQHandler                         0x0800028f   Thumb Code     0  startup_stm32f10x_md.o(.text)
    I2C1_ER_IRQHandler                       0x0800028f   Thumb Code     0  startup_stm32f10x_md.o(.text)
    I2C1_EV_IRQHandler                       0x0800028f   Thumb Code     0  startup_stm32f10x_md.o(.text)
    I2C2_ER_IRQHandler                       0x0800028f   Thumb Code     0  startup_stm32f10x_md.o(.text)
    I2C2_EV_IRQHandler                       0x0800028f   Thumb Code     0  startup_stm32f10x_md.o(.text)
    PVD_IRQHandler                           0x0800028f   Thumb Code     0  startup_stm32f10x_md.o(.text)
    RCC_IRQHandler                           0x0800028f   Thumb Code     0  startup_stm32f10x_md.o(.text)
    RTCAlarm_IRQHandler                      0x0800028f   Thumb Code     0  startup_stm32f10x_md.o(.text)
    RTC_IRQHandler                           0x0800028f   Thumb Code     0  startup_stm32f10x_md.o(.text)
    SPI1_IRQHandler                          0x0800028f   Thumb Code     0  startup_stm32f10x_md.o(.text)
    SPI2_IRQHandler                          0x0800028f   Thumb Code     0  startup_stm32f10x_md.o(.text)
    TAMPER_IRQHandler                        0x0800028f   Thumb Code     0  startup_stm32f10x_md.o(.text)
    TIM1_BRK_IRQHandler                      0x0800028f   Thumb Code     0  startup_stm32f10x_md.o(.text)
    TIM1_CC_IRQHandler                       0x0800028f   Thumb Code     0  startup_stm32f10x_md.o(.text)
    TIM1_TRG_COM_IRQHandler                  0x0800028f   Thumb Code     0  startup_stm32f10x_md.o(.text)
    TIM1_UP_IRQHandler                       0x0800028f   Thumb Code     0  startup_stm32f10x_md.o(.text)
    TIM2_IRQHandler                          0x0800028f   Thumb Code     0  startup_stm32f10x_md.o(.text)
    TIM3_IRQHandler                          0x0800028f   Thumb Code     0  startup_stm32f10x_md.o(.text)
    TIM4_IRQHandler                          0x0800028f   Thumb Code     0  startup_stm32f10x_md.o(.text)
    USART2_IRQHandler                        0x0800028f   Thumb Code     0  startup_stm32f10x_md.o(.text)
    USART3_IRQHandler                        0x0800028f   Thumb Code     0  startup_stm32f10x_md.o(.text)
    USBWakeUp_IRQHandler                     0x0800028f   Thumb Code     0  startup_stm32f10x_md.o(.text)
    USB_HP_CAN1_TX_IRQHandler                0x0800028f   Thumb Code     0  startup_stm32f10x_md.o(.text)
    USB_LP_CAN1_RX0_IRQHandler               0x0800028f   Thumb Code     0  startup_stm32f10x_md.o(.text)
    WWDG_IRQHandler                          0x0800028f   Thumb Code     0  startup_stm32f10x_md.o(.text)
    __user_initial_stackheap                 0x08000291   Thumb Code     0  startup_stm32f10x_md.o(.text)
    __c89vsprintf                            0x080002b5   Thumb Code    32  c89vsprintf.o(.text)
    __use_two_region_memory                  0x080002d9   Thumb Code     2  heapauxi.o(.text)
    __rt_heap_escrow$2region                 0x080002db   Thumb Code     2  heapauxi.o(.text)
    __rt_heap_expand$2region                 0x080002dd   Thumb Code     2  heapauxi.o(.text)
    _printf_pre_padding                      0x080002df   Thumb Code    44  _printf_pad.o(.text)
    _printf_post_padding                     0x0800030b   Thumb Code    34  _printf_pad.o(.text)
    _printf_truncate_signed                  0x0800032d   Thumb Code    18  _printf_truncate.o(.text)
    _printf_truncate_unsigned                0x0800033f   Thumb Code    18  _printf_truncate.o(.text)
    _printf_str                              0x08000351   Thumb Code    82  _printf_str.o(.text)
    _printf_int_dec                          0x080003a5   Thumb Code   104  _printf_dec.o(.text)
    _printf_charcount                        0x0800041d   Thumb Code    40  _printf_charcount.o(.text)
    _printf_char_common                      0x0800044f   Thumb Code    32  _printf_char_common.o(.text)
    _sputc                                   0x08000475   Thumb Code    10  _sputc.o(.text)
    _printf_wctomb                           0x08000481   Thumb Code   182  _printf_wctomb.o(.text)
    _printf_longlong_dec                     0x0800053d   Thumb Code   108  _printf_longlong_dec.o(.text)
    _printf_longlong_oct                     0x080005b9   Thumb Code    66  _printf_oct_int_ll.o(.text)
    _printf_int_oct                          0x080005fb   Thumb Code    24  _printf_oct_int_ll.o(.text)
    _printf_ll_oct                           0x08000613   Thumb Code    12  _printf_oct_int_ll.o(.text)
    _printf_longlong_hex                     0x08000629   Thumb Code    86  _printf_hex_int_ll_ptr.o(.text)
    _printf_int_hex                          0x0800067f   Thumb Code    28  _printf_hex_int_ll_ptr.o(.text)
    _printf_ll_hex                           0x0800069b   Thumb Code    12  _printf_hex_int_ll_ptr.o(.text)
    _printf_hex_ptr                          0x080006a7   Thumb Code    18  _printf_hex_int_ll_ptr.o(.text)
    __printf                                 0x080006bd   Thumb Code   388  __printf_flags_ss_wp.o(.text)
    _ll_udiv10                               0x08000845   Thumb Code   138  lludiv10.o(.text)
    _printf_int_common                       0x080008cf   Thumb Code   178  _printf_intcommon.o(.text)
    __lib_sel_fp_printf                      0x08000981   Thumb Code     2  _printf_fp_dec.o(.text)
    _printf_fp_dec_real                      0x08000b33   Thumb Code   620  _printf_fp_dec.o(.text)
    _printf_cs_common                        0x08000d9f   Thumb Code    20  _printf_char.o(.text)
    _printf_char                             0x08000db3   Thumb Code    16  _printf_char.o(.text)
    _printf_string                           0x08000dc3   Thumb Code     8  _printf_char.o(.text)
    _printf_lcs_common                       0x08000dcb   Thumb Code    20  _printf_wchar.o(.text)
    _printf_wchar                            0x08000ddf   Thumb Code    16  _printf_wchar.o(.text)
    _printf_wstring                          0x08000def   Thumb Code     8  _printf_wchar.o(.text)
    _wcrtomb                                 0x08000df7   Thumb Code    64  _wcrtomb.o(.text)
    __user_setup_stackheap                   0x08000e37   Thumb Code    74  sys_stackheap_outer.o(.text)
    __rt_ctype_table                         0x08000e81   Thumb Code    16  rt_ctype_table.o(.text)
    __rt_locale                              0x08000e91   Thumb Code     8  rt_locale_intlibspace.o(.text)
    _printf_fp_infnan                        0x08000e99   Thumb Code   112  _printf_fp_infnan.o(.text)
    _btod_etento                             0x08000f19   Thumb Code   224  bigflt0.o(.text)
    exit                                     0x08000ffd   Thumb Code    18  exit.o(.text)
    __user_libspace                          0x08001011   Thumb Code     8  libspace.o(.text)
    __user_perproc_libspace                  0x08001011   Thumb Code     0  libspace.o(.text)
    __user_perthread_libspace                0x08001011   Thumb Code     0  libspace.o(.text)
    strcmp                                   0x08001019   Thumb Code   128  strcmpv7m.o(.text)
    _sys_exit                                0x08001099   Thumb Code     8  sys_exit.o(.text)
    __I$use$semihosting                      0x080010a5   Thumb Code     0  use_no_semi.o(.text)
    __use_no_semihosting_swi                 0x080010a5   Thumb Code     2  use_no_semi.o(.text)
    __semihosting_library_function           0x080010a7   Thumb Code     0  indicate_semi.o(.text)
    _btod_d2e                                0x080010a7   Thumb Code    62  btod.o(CL$$btod_d2e)
    _d2e_denorm_low                          0x080010e5   Thumb Code    70  btod.o(CL$$btod_d2e_denorm_low)
    _d2e_norm_op1                            0x0800112b   Thumb Code    96  btod.o(CL$$btod_d2e_norm_op1)
    __btod_div_common                        0x0800118b   Thumb Code   696  btod.o(CL$$btod_div_common)
    _e2e                                     0x080014c3   Thumb Code   220  btod.o(CL$$btod_e2e)
    _btod_ediv                               0x0800159f   Thumb Code    42  btod.o(CL$$btod_ediv)
    _btod_emul                               0x080015c9   Thumb Code    42  btod.o(CL$$btod_emul)
    __btod_mult_common                       0x080015f3   Thumb Code   580  btod.o(CL$$btod_mult_common)
    BusFault_Handler                         0x08001837   Thumb Code     4  stm32f10x_it.o(i.BusFault_Handler)
    DebugMon_Handler                         0x0800183b   Thumb Code     2  stm32f10x_it.o(i.DebugMon_Handler)
    Delay_ms                                 0x0800183d   Thumb Code    24  delay.o(i.Delay_ms)
    Delay_us                                 0x08001855   Thumb Code    46  delay.o(i.Delay_us)
    GPIO_Init                                0x08001883   Thumb Code   278  stm32f10x_gpio.o(i.GPIO_Init)
    GPIO_ReadInputDataBit                    0x08001999   Thumb Code    18  stm32f10x_gpio.o(i.GPIO_ReadInputDataBit)
    GPIO_WriteBit                            0x080019ab   Thumb Code    10  stm32f10x_gpio.o(i.GPIO_WriteBit)
    HardFault_Handler                        0x080019b5   Thumb Code     4  stm32f10x_it.o(i.HardFault_Handler)
    MemManage_Handler                        0x080019b9   Thumb Code     4  stm32f10x_it.o(i.MemManage_Handler)
    MyI2C_Init                               0x080019bd   Thumb Code    86  myi2c.o(i.MyI2C_Init)
    MyI2C_R_SDA                              0x08001a25   Thumb Code    20  myi2c.o(i.MyI2C_R_SDA)
    MyI2C_ReceiveAck                         0x08001a41   Thumb Code    30  myi2c.o(i.MyI2C_ReceiveAck)
    MyI2C_SendByte                           0x08001a5f   Thumb Code    42  myi2c.o(i.MyI2C_SendByte)
    MyI2C_Start                              0x08001a89   Thumb Code    28  myi2c.o(i.MyI2C_Start)
    MyI2C_Stop                               0x08001aa5   Thumb Code    22  myi2c.o(i.MyI2C_Stop)
    MyI2C_W_SCL                              0x08001abd   Thumb Code    20  myi2c.o(i.MyI2C_W_SCL)
    MyI2C_W_SDA                              0x08001ad9   Thumb Code    20  myi2c.o(i.MyI2C_W_SDA)
    NMI_Handler                              0x08001af5   Thumb Code     2  stm32f10x_it.o(i.NMI_Handler)
    NVIC_Init                                0x08001af9   Thumb Code   100  misc.o(i.NVIC_Init)
    NVIC_PriorityGroupConfig                 0x08001b69   Thumb Code    10  misc.o(i.NVIC_PriorityGroupConfig)
    OLED_Clear                               0x08001b7d   Thumb Code    16  oled.o(i.OLED_Clear)
    OLED_ClearArea                           0x08001b8d   Thumb Code   124  oled.o(i.OLED_ClearArea)
    OLED_Init                                0x08001c0d   Thumb Code   210  oled.o(i.OLED_Init)
    OLED_ShowChar                            0x08001ce9   Thumb Code    30  oled.o(i.OLED_ShowChar)
    OLED_ShowHugeChar                        0x08001d09   Thumb Code    50  oled.o(i.OLED_ShowHugeChar)
    OLED_ShowImage                           0x08001d49   Thumb Code   232  oled.o(i.OLED_ShowImage)
    OLED_ShowSmallChar                       0x08001e35   Thumb Code    54  oled.o(i.OLED_ShowSmallChar)
    OLED_ShowString                          0x08001e79   Thumb Code    30  oled.o(i.OLED_ShowString)
    OLED_Update                              0x08001e99   Thumb Code    36  oled.o(i.OLED_Update)
    OLED_WriteCommand                        0x08001ec1   Thumb Code    44  oled.o(i.OLED_WriteCommand)
    OLED_WriteData                           0x08001eed   Thumb Code    58  oled.o(i.OLED_WriteData)
    OLED_printf                              0x08001f27   Thumb Code    42  oled.o(i.OLED_printf)
    PendSV_Handler                           0x08001f51   Thumb Code     2  stm32f10x_it.o(i.PendSV_Handler)
    RCC_APB2PeriphClockCmd                   0x08001f55   Thumb Code    26  stm32f10x_rcc.o(i.RCC_APB2PeriphClockCmd)
    RCC_GetClocksFreq                        0x08001f75   Thumb Code   192  stm32f10x_rcc.o(i.RCC_GetClocksFreq)
    SVC_Handler                              0x08002049   Thumb Code     2  stm32f10x_it.o(i.SVC_Handler)
    Serial_Init                              0x0800204d   Thumb Code   178  serial.o(i.Serial_Init)
    SysTick_Handler                          0x080021ed   Thumb Code     2  stm32f10x_it.o(i.SysTick_Handler)
    SystemInit                               0x080021f1   Thumb Code    78  system_stm32f10x.o(i.SystemInit)
    USART1_IRQHandler                        0x08002251   Thumb Code    62  main.o(i.USART1_IRQHandler)
    USART_Cmd                                0x080022a1   Thumb Code    24  stm32f10x_usart.o(i.USART_Cmd)
    USART_GetITStatus                        0x080022b9   Thumb Code    84  stm32f10x_usart.o(i.USART_GetITStatus)
    USART_ITConfig                           0x0800230d   Thumb Code    74  stm32f10x_usart.o(i.USART_ITConfig)
    USART_Init                               0x08002359   Thumb Code   210  stm32f10x_usart.o(i.USART_Init)
    USART_ReceiveData                        0x08002431   Thumb Code    10  stm32f10x_usart.o(i.USART_ReceiveData)
    UsageFault_Handler                       0x0800243b   Thumb Code     4  stm32f10x_it.o(i.UsageFault_Handler)
    _OLED_Check                              0x08002441   Thumb Code    22  oled.o(i._OLED_Check)
    _OLED_SetCursor                          0x0800245d   Thumb Code    34  oled.o(i._OLED_SetCursor)
    _Update_Cursor                           0x08002481   Thumb Code    44  oled.o(i._Update_Cursor)
    __ARM_fpclassify                         0x080024b5   Thumb Code    40  fpclassify.o(i.__ARM_fpclassify)
    _is_digit                                0x080024dd   Thumb Code    14  __printf_wp.o(i._is_digit)
    main                                     0x080024ed   Thumb Code    88  main.o(i.main)
    _get_lc_numeric                          0x0800255d   Thumb Code    44  lc_numeric_c.o(locale$$code)
    _get_lc_ctype                            0x08002589   Thumb Code    44  lc_ctype_c.o(locale$$code)
    _printf_fp_dec                           0x080025b5   Thumb Code     4  printf1.o(x$fpl$printf1)
    OLED_F8x16                               0x080025b8   Data        1520  oled.o(.constdata)
    __I$use$fp                               0x080025b8   Number         0  usenofp.o(x$fpl$usenofp)
    OLED_F6x8                                0x08002ba8   Data         570  oled.o(.constdata)
    Region$$Table$$Base                      0x08002ebc   Number         0  anon$$obj.o(Region$$Table)
    Region$$Table$$Limit                     0x08002edc   Number         0  anon$$obj.o(Region$$Table)
    __ctype                                  0x08002f05   Data           0  lc_ctype_c.o(locale$$data)
    _I2C_RCC_APB2PERIPH                      0x20000014   Data           4  myi2c.o(.data)
    _I2C_GPIO_GROUP                          0x20000018   Data           4  myi2c.o(.data)
    _I2C_SCL                                 0x2000001c   Data           2  myi2c.o(.data)
    _I2C_SDA                                 0x2000001e   Data           2  myi2c.o(.data)
    _OLED_SCL                                0x20000020   Data           2  oled.o(.data)
    _OLED_SDA                                0x20000022   Data           2  oled.o(.data)
    Cur_X                                    0x20000024   Data           1  oled.o(.data)
    Cur_Page                                 0x20000025   Data           1  oled.o(.data)
    Img                                      0x20000026   Data        1024  main.o(.data)
    RxFlag                                   0x20000426   Data           1  main.o(.data)
    OLED_DisplayBuf                          0x2000042c   Data        1024  oled.o(.bss)
    __libspace_start                         0x2000082c   Data          96  libspace.o(.bss)
    __temporary_stack_top$libspace           0x2000088c   Data           0  libspace.o(.bss)



==============================================================================

Memory Map of the image

  Image Entry point : 0x080000ed

  Load Region LR_IROM1 (Base: 0x08000000, Size: 0x00003434, Max: 0x00008000, ABSOLUTE, COMPRESSED[0x000030b0])

    Execution Region ER_IROM1 (Base: 0x08000000, Size: 0x00003008, Max: 0x00008000, ABSOLUTE)

    Base Addr    Size         Type   Attr      Idx    E Section Name        Object

    0x08000000   0x000000ec   Data   RO          132    RESET               startup_stm32f10x_md.o
    0x080000ec   0x00000008   Code   RO         3682  * !!!main             c_w.l(__main.o)
    0x080000f4   0x00000034   Code   RO         3996    !!!scatter          c_w.l(__scatter.o)
    0x08000128   0x0000005a   Code   RO         3994    !!dczerorl2         c_w.l(__dczerorl2.o)
    0x08000182   0x00000002   PAD
    0x08000184   0x0000001c   Code   RO         3998    !!handler_zi        c_w.l(__scatter_zi.o)
    0x080001a0   0x00000000   Code   RO         3766    .ARM.Collect$$_printf_percent$$00000000  c_w.l(_printf_percent.o)
    0x080001a0   0x00000006   Code   RO         3755    .ARM.Collect$$_printf_percent$$00000001  c_w.l(_printf_n.o)
    0x080001a6   0x00000006   Code   RO         3757    .ARM.Collect$$_printf_percent$$00000002  c_w.l(_printf_p.o)
    0x080001ac   0x00000006   Code   RO         3762    .ARM.Collect$$_printf_percent$$00000003  c_w.l(_printf_f.o)
    0x080001b2   0x00000006   Code   RO         3763    .ARM.Collect$$_printf_percent$$00000004  c_w.l(_printf_e.o)
    0x080001b8   0x00000006   Code   RO         3764    .ARM.Collect$$_printf_percent$$00000005  c_w.l(_printf_g.o)
    0x080001be   0x00000006   Code   RO         3765    .ARM.Collect$$_printf_percent$$00000006  c_w.l(_printf_a.o)
    0x080001c4   0x0000000a   Code   RO         3770    .ARM.Collect$$_printf_percent$$00000007  c_w.l(_printf_ll.o)
    0x080001ce   0x00000006   Code   RO         3759    .ARM.Collect$$_printf_percent$$00000008  c_w.l(_printf_i.o)
    0x080001d4   0x00000006   Code   RO         3760    .ARM.Collect$$_printf_percent$$00000009  c_w.l(_printf_d.o)
    0x080001da   0x00000006   Code   RO         3761    .ARM.Collect$$_printf_percent$$0000000A  c_w.l(_printf_u.o)
    0x080001e0   0x00000006   Code   RO         3758    .ARM.Collect$$_printf_percent$$0000000B  c_w.l(_printf_o.o)
    0x080001e6   0x00000006   Code   RO         3756    .ARM.Collect$$_printf_percent$$0000000C  c_w.l(_printf_x.o)
    0x080001ec   0x00000006   Code   RO         3767    .ARM.Collect$$_printf_percent$$0000000D  c_w.l(_printf_lli.o)
    0x080001f2   0x00000006   Code   RO         3768    .ARM.Collect$$_printf_percent$$0000000E  c_w.l(_printf_lld.o)
    0x080001f8   0x00000006   Code   RO         3769    .ARM.Collect$$_printf_percent$$0000000F  c_w.l(_printf_llu.o)
    0x080001fe   0x00000006   Code   RO         3774    .ARM.Collect$$_printf_percent$$00000010  c_w.l(_printf_llo.o)
    0x08000204   0x00000006   Code   RO         3775    .ARM.Collect$$_printf_percent$$00000011  c_w.l(_printf_llx.o)
    0x0800020a   0x0000000a   Code   RO         3771    .ARM.Collect$$_printf_percent$$00000012  c_w.l(_printf_l.o)
    0x08000214   0x00000006   Code   RO         3753    .ARM.Collect$$_printf_percent$$00000013  c_w.l(_printf_c.o)
    0x0800021a   0x00000006   Code   RO         3754    .ARM.Collect$$_printf_percent$$00000014  c_w.l(_printf_s.o)
    0x08000220   0x00000006   Code   RO         3772    .ARM.Collect$$_printf_percent$$00000015  c_w.l(_printf_lc.o)
    0x08000226   0x00000006   Code   RO         3773    .ARM.Collect$$_printf_percent$$00000016  c_w.l(_printf_ls.o)
    0x0800022c   0x00000004   Code   RO         3805    .ARM.Collect$$_printf_percent$$00000017  c_w.l(_printf_percent_end.o)
    0x08000230   0x00000002   Code   RO         3854    .ARM.Collect$$libinit$$00000000  c_w.l(libinit.o)
    0x08000232   0x00000000   Code   RO         3871    .ARM.Collect$$libinit$$00000002  c_w.l(libinit2.o)
    0x08000232   0x00000000   Code   RO         3873    .ARM.Collect$$libinit$$00000004  c_w.l(libinit2.o)
    0x08000232   0x00000000   Code   RO         3876    .ARM.Collect$$libinit$$0000000A  c_w.l(libinit2.o)
    0x08000232   0x00000000   Code   RO         3878    .ARM.Collect$$libinit$$0000000C  c_w.l(libinit2.o)
    0x08000232   0x00000000   Code   RO         3880    .ARM.Collect$$libinit$$0000000E  c_w.l(libinit2.o)
    0x08000232   0x00000006   Code   RO         3881    .ARM.Collect$$libinit$$0000000F  c_w.l(libinit2.o)
    0x08000238   0x00000000   Code   RO         3883    .ARM.Collect$$libinit$$00000011  c_w.l(libinit2.o)
    0x08000238   0x0000000c   Code   RO         3884    .ARM.Collect$$libinit$$00000012  c_w.l(libinit2.o)
    0x08000244   0x00000000   Code   RO         3885    .ARM.Collect$$libinit$$00000013  c_w.l(libinit2.o)
    0x08000244   0x00000000   Code   RO         3887    .ARM.Collect$$libinit$$00000015  c_w.l(libinit2.o)
    0x08000244   0x0000000a   Code   RO         3888    .ARM.Collect$$libinit$$00000016  c_w.l(libinit2.o)
    0x0800024e   0x00000000   Code   RO         3889    .ARM.Collect$$libinit$$00000017  c_w.l(libinit2.o)
    0x0800024e   0x00000000   Code   RO         3891    .ARM.Collect$$libinit$$00000019  c_w.l(libinit2.o)
    0x0800024e   0x00000000   Code   RO         3893    .ARM.Collect$$libinit$$0000001B  c_w.l(libinit2.o)
    0x0800024e   0x00000000   Code   RO         3895    .ARM.Collect$$libinit$$0000001D  c_w.l(libinit2.o)
    0x0800024e   0x00000000   Code   RO         3897    .ARM.Collect$$libinit$$0000001F  c_w.l(libinit2.o)
    0x0800024e   0x00000000   Code   RO         3899    .ARM.Collect$$libinit$$00000021  c_w.l(libinit2.o)
    0x0800024e   0x00000000   Code   RO         3901    .ARM.Collect$$libinit$$00000023  c_w.l(libinit2.o)
    0x0800024e   0x00000000   Code   RO         3903    .ARM.Collect$$libinit$$00000025  c_w.l(libinit2.o)
    0x0800024e   0x00000000   Code   RO         3907    .ARM.Collect$$libinit$$0000002C  c_w.l(libinit2.o)
    0x0800024e   0x00000000   Code   RO         3909    .ARM.Collect$$libinit$$0000002E  c_w.l(libinit2.o)
    0x0800024e   0x00000000   Code   RO         3911    .ARM.Collect$$libinit$$00000030  c_w.l(libinit2.o)
    0x0800024e   0x00000000   Code   RO         3913    .ARM.Collect$$libinit$$00000032  c_w.l(libinit2.o)
    0x0800024e   0x00000002   Code   RO         3914    .ARM.Collect$$libinit$$00000033  c_w.l(libinit2.o)
    0x08000250   0x00000002   Code   RO         3934    .ARM.Collect$$libshutdown$$00000000  c_w.l(libshutdown.o)
    0x08000252   0x00000000   Code   RO         3947    .ARM.Collect$$libshutdown$$00000002  c_w.l(libshutdown2.o)
    0x08000252   0x00000000   Code   RO         3949    .ARM.Collect$$libshutdown$$00000004  c_w.l(libshutdown2.o)
    0x08000252   0x00000000   Code   RO         3952    .ARM.Collect$$libshutdown$$00000007  c_w.l(libshutdown2.o)
    0x08000252   0x00000000   Code   RO         3955    .ARM.Collect$$libshutdown$$0000000A  c_w.l(libshutdown2.o)
    0x08000252   0x00000000   Code   RO         3957    .ARM.Collect$$libshutdown$$0000000C  c_w.l(libshutdown2.o)
    0x08000252   0x00000000   Code   RO         3960    .ARM.Collect$$libshutdown$$0000000F  c_w.l(libshutdown2.o)
    0x08000252   0x00000002   Code   RO         3961    .ARM.Collect$$libshutdown$$00000010  c_w.l(libshutdown2.o)
    0x08000254   0x00000000   Code   RO         3684    .ARM.Collect$$rtentry$$00000000  c_w.l(__rtentry.o)
    0x08000254   0x00000000   Code   RO         3779    .ARM.Collect$$rtentry$$00000002  c_w.l(__rtentry2.o)
    0x08000254   0x00000006   Code   RO         3791    .ARM.Collect$$rtentry$$00000004  c_w.l(__rtentry4.o)
    0x0800025a   0x00000000   Code   RO         3781    .ARM.Collect$$rtentry$$00000009  c_w.l(__rtentry2.o)
    0x0800025a   0x00000004   Code   RO         3782    .ARM.Collect$$rtentry$$0000000A  c_w.l(__rtentry2.o)
    0x0800025e   0x00000000   Code   RO         3784    .ARM.Collect$$rtentry$$0000000C  c_w.l(__rtentry2.o)
    0x0800025e   0x00000008   Code   RO         3785    .ARM.Collect$$rtentry$$0000000D  c_w.l(__rtentry2.o)
    0x08000266   0x00000002   Code   RO         3863    .ARM.Collect$$rtexit$$00000000  c_w.l(rtexit.o)
    0x08000268   0x00000000   Code   RO         3916    .ARM.Collect$$rtexit$$00000002  c_w.l(rtexit2.o)
    0x08000268   0x00000004   Code   RO         3917    .ARM.Collect$$rtexit$$00000003  c_w.l(rtexit2.o)
    0x0800026c   0x00000006   Code   RO         3918    .ARM.Collect$$rtexit$$00000004  c_w.l(rtexit2.o)
    0x08000272   0x00000002   PAD
    0x08000274   0x00000040   Code   RO          133    .text               startup_stm32f10x_md.o
    0x080002b4   0x00000024   Code   RO         3678    .text               c_w.l(c89vsprintf.o)
    0x080002d8   0x00000006   Code   RO         3680    .text               c_w.l(heapauxi.o)
    0x080002de   0x0000004e   Code   RO         3687    .text               c_w.l(_printf_pad.o)
    0x0800032c   0x00000024   Code   RO         3689    .text               c_w.l(_printf_truncate.o)
    0x08000350   0x00000052   Code   RO         3691    .text               c_w.l(_printf_str.o)
    0x080003a2   0x00000002   PAD
    0x080003a4   0x00000078   Code   RO         3693    .text               c_w.l(_printf_dec.o)
    0x0800041c   0x00000028   Code   RO         3695    .text               c_w.l(_printf_charcount.o)
    0x08000444   0x00000030   Code   RO         3697    .text               c_w.l(_printf_char_common.o)
    0x08000474   0x0000000a   Code   RO         3699    .text               c_w.l(_sputc.o)
    0x0800047e   0x00000002   PAD
    0x08000480   0x000000bc   Code   RO         3701    .text               c_w.l(_printf_wctomb.o)
    0x0800053c   0x0000007c   Code   RO         3704    .text               c_w.l(_printf_longlong_dec.o)
    0x080005b8   0x00000070   Code   RO         3710    .text               c_w.l(_printf_oct_int_ll.o)
    0x08000628   0x00000094   Code   RO         3730    .text               c_w.l(_printf_hex_int_ll_ptr.o)
    0x080006bc   0x00000188   Code   RO         3750    .text               c_w.l(__printf_flags_ss_wp.o)
    0x08000844   0x0000008a   Code   RO         3793    .text               c_w.l(lludiv10.o)
    0x080008ce   0x000000b2   Code   RO         3795    .text               c_w.l(_printf_intcommon.o)
    0x08000980   0x0000041e   Code   RO         3797    .text               c_w.l(_printf_fp_dec.o)
    0x08000d9e   0x0000002c   Code   RO         3801    .text               c_w.l(_printf_char.o)
    0x08000dca   0x0000002c   Code   RO         3803    .text               c_w.l(_printf_wchar.o)
    0x08000df6   0x00000040   Code   RO         3806    .text               c_w.l(_wcrtomb.o)
    0x08000e36   0x0000004a   Code   RO         3808    .text               c_w.l(sys_stackheap_outer.o)
    0x08000e80   0x00000010   Code   RO         3810    .text               c_w.l(rt_ctype_table.o)
    0x08000e90   0x00000008   Code   RO         3815    .text               c_w.l(rt_locale_intlibspace.o)
    0x08000e98   0x00000080   Code   RO         3817    .text               c_w.l(_printf_fp_infnan.o)
    0x08000f18   0x000000e4   Code   RO         3819    .text               c_w.l(bigflt0.o)
    0x08000ffc   0x00000012   Code   RO         3847    .text               c_w.l(exit.o)
    0x0800100e   0x00000002   PAD
    0x08001010   0x00000008   Code   RO         3860    .text               c_w.l(libspace.o)
    0x08001018   0x00000080   Code   RO         3868    .text               c_w.l(strcmpv7m.o)
    0x08001098   0x0000000c   Code   RO         3926    .text               c_w.l(sys_exit.o)
    0x080010a4   0x00000002   Code   RO         3937    .text               c_w.l(use_no_semi.o)
    0x080010a6   0x00000000   Code   RO         3939    .text               c_w.l(indicate_semi.o)
    0x080010a6   0x0000003e   Code   RO         3822    CL$$btod_d2e        c_w.l(btod.o)
    0x080010e4   0x00000046   Code   RO         3824    CL$$btod_d2e_denorm_low  c_w.l(btod.o)
    0x0800112a   0x00000060   Code   RO         3823    CL$$btod_d2e_norm_op1  c_w.l(btod.o)
    0x0800118a   0x00000338   Code   RO         3832    CL$$btod_div_common  c_w.l(btod.o)
    0x080014c2   0x000000dc   Code   RO         3829    CL$$btod_e2e        c_w.l(btod.o)
    0x0800159e   0x0000002a   Code   RO         3826    CL$$btod_ediv       c_w.l(btod.o)
    0x080015c8   0x0000002a   Code   RO         3825    CL$$btod_emul       c_w.l(btod.o)
    0x080015f2   0x00000244   Code   RO         3831    CL$$btod_mult_common  c_w.l(btod.o)
    0x08001836   0x00000004   Code   RO         3613    i.BusFault_Handler  stm32f10x_it.o
    0x0800183a   0x00000002   Code   RO         3614    i.DebugMon_Handler  stm32f10x_it.o
    0x0800183c   0x00000018   Code   RO          137    i.Delay_ms          delay.o
    0x08001854   0x0000002e   Code   RO          139    i.Delay_us          delay.o
    0x08001882   0x00000116   Code   RO         1374    i.GPIO_Init         stm32f10x_gpio.o
    0x08001998   0x00000012   Code   RO         1378    i.GPIO_ReadInputDataBit  stm32f10x_gpio.o
    0x080019aa   0x0000000a   Code   RO         1385    i.GPIO_WriteBit     stm32f10x_gpio.o
    0x080019b4   0x00000004   Code   RO         3615    i.HardFault_Handler  stm32f10x_it.o
    0x080019b8   0x00000004   Code   RO         3616    i.MemManage_Handler  stm32f10x_it.o
    0x080019bc   0x00000068   Code   RO         3286    i.MyI2C_Init        myi2c.o
    0x08001a24   0x0000001c   Code   RO         3287    i.MyI2C_R_SDA       myi2c.o
    0x08001a40   0x0000001e   Code   RO         3289    i.MyI2C_ReceiveAck  myi2c.o
    0x08001a5e   0x0000002a   Code   RO         3291    i.MyI2C_SendByte    myi2c.o
    0x08001a88   0x0000001c   Code   RO         3292    i.MyI2C_Start       myi2c.o
    0x08001aa4   0x00000016   Code   RO         3293    i.MyI2C_Stop        myi2c.o
    0x08001aba   0x00000002   PAD
    0x08001abc   0x0000001c   Code   RO         3294    i.MyI2C_W_SCL       myi2c.o
    0x08001ad8   0x0000001c   Code   RO         3295    i.MyI2C_W_SDA       myi2c.o
    0x08001af4   0x00000002   Code   RO         3617    i.NMI_Handler       stm32f10x_it.o
    0x08001af6   0x00000002   PAD
    0x08001af8   0x00000070   Code   RO          187    i.NVIC_Init         misc.o
    0x08001b68   0x00000014   Code   RO          188    i.NVIC_PriorityGroupConfig  misc.o
    0x08001b7c   0x00000010   Code   RO         3358    i.OLED_Clear        oled.o
    0x08001b8c   0x00000080   Code   RO         3359    i.OLED_ClearArea    oled.o
    0x08001c0c   0x000000dc   Code   RO         3362    i.OLED_Init         oled.o
    0x08001ce8   0x0000001e   Code   RO         3364    i.OLED_ShowChar     oled.o
    0x08001d06   0x00000002   PAD
    0x08001d08   0x00000040   Code   RO         3366    i.OLED_ShowHugeChar  oled.o
    0x08001d48   0x000000ec   Code   RO         3367    i.OLED_ShowImage    oled.o
    0x08001e34   0x00000044   Code   RO         3369    i.OLED_ShowSmallChar  oled.o
    0x08001e78   0x0000001e   Code   RO         3370    i.OLED_ShowString   oled.o
    0x08001e96   0x00000002   PAD
    0x08001e98   0x00000028   Code   RO         3371    i.OLED_Update       oled.o
    0x08001ec0   0x0000002c   Code   RO         3372    i.OLED_WriteCommand  oled.o
    0x08001eec   0x0000003a   Code   RO         3373    i.OLED_WriteData    oled.o
    0x08001f26   0x0000002a   Code   RO         3374    i.OLED_printf       oled.o
    0x08001f50   0x00000002   Code   RO         3618    i.PendSV_Handler    stm32f10x_it.o
    0x08001f52   0x00000002   PAD
    0x08001f54   0x00000020   Code   RO         1804    i.RCC_APB2PeriphClockCmd  stm32f10x_rcc.o
    0x08001f74   0x000000d4   Code   RO         1812    i.RCC_GetClocksFreq  stm32f10x_rcc.o
    0x08002048   0x00000002   Code   RO         3619    i.SVC_Handler       stm32f10x_it.o
    0x0800204a   0x00000002   PAD
    0x0800204c   0x000000b8   Code   RO         3528    i.Serial_Init       serial.o
    0x08002104   0x00000008   Code   RO           17    i.SetSysClock       system_stm32f10x.o
    0x0800210c   0x000000e0   Code   RO           18    i.SetSysClockTo72   system_stm32f10x.o
    0x080021ec   0x00000002   Code   RO         3620    i.SysTick_Handler   stm32f10x_it.o
    0x080021ee   0x00000002   PAD
    0x080021f0   0x00000060   Code   RO           20    i.SystemInit        system_stm32f10x.o
    0x08002250   0x00000050   Code   RO         3586    i.USART1_IRQHandler  main.o
    0x080022a0   0x00000018   Code   RO         2987    i.USART_Cmd         stm32f10x_usart.o
    0x080022b8   0x00000054   Code   RO         2991    i.USART_GetITStatus  stm32f10x_usart.o
    0x0800230c   0x0000004a   Code   RO         2993    i.USART_ITConfig    stm32f10x_usart.o
    0x08002356   0x00000002   PAD
    0x08002358   0x000000d8   Code   RO         2994    i.USART_Init        stm32f10x_usart.o
    0x08002430   0x0000000a   Code   RO         3001    i.USART_ReceiveData  stm32f10x_usart.o
    0x0800243a   0x00000004   Code   RO         3621    i.UsageFault_Handler  stm32f10x_it.o
    0x0800243e   0x00000002   PAD
    0x08002440   0x0000001c   Code   RO         3375    i._OLED_Check       oled.o
    0x0800245c   0x00000022   Code   RO         3376    i._OLED_SetCursor   oled.o
    0x0800247e   0x00000002   PAD
    0x08002480   0x00000034   Code   RO         3377    i._Update_Cursor    oled.o
    0x080024b4   0x00000028   Code   RO         3858    i.__ARM_fpclassify  m_ws.l(fpclassify.o)
    0x080024dc   0x0000000e   Code   RO         3743    i._is_digit         c_w.l(__printf_wp.o)
    0x080024ea   0x00000002   PAD
    0x080024ec   0x00000070   Code   RO         3587    i.main              main.o
    0x0800255c   0x0000002c   Code   RO         3845    locale$$code        c_w.l(lc_numeric_c.o)
    0x08002588   0x0000002c   Code   RO         3866    locale$$code        c_w.l(lc_ctype_c.o)
    0x080025b4   0x00000004   Code   RO         3776    x$fpl$printf1       fz_ws.l(printf1.o)
    0x080025b8   0x00000000   Code   RO         3857    x$fpl$usenofp       fz_ws.l(usenofp.o)
    0x080025b8   0x0000082a   Data   RO         3379    .constdata          oled.o
    0x08002de2   0x00000002   PAD
    0x08002de4   0x00000008   Data   RO         3702    .constdata          c_w.l(_printf_wctomb.o)
    0x08002dec   0x00000028   Data   RO         3731    .constdata          c_w.l(_printf_hex_int_ll_ptr.o)
    0x08002e14   0x00000011   Data   RO         3751    .constdata          c_w.l(__printf_flags_ss_wp.o)
    0x08002e25   0x00000003   PAD
    0x08002e28   0x00000094   Data   RO         3820    .constdata          c_w.l(bigflt0.o)
    0x08002ebc   0x00000020   Data   RO         3992    Region$$Table       anon$$obj.o
    0x08002edc   0x0000001c   Data   RO         3844    locale$$data        c_w.l(lc_numeric_c.o)
    0x08002ef8   0x00000110   Data   RO         3865    locale$$data        c_w.l(lc_ctype_c.o)


    Execution Region RW_IRAM1 (Base: 0x20000000, Size: 0x00000e90, Max: 0x00002800, ABSOLUTE, COMPRESSED[0x000000a8])

    Base Addr    Size         Type   Attr      Idx    E Section Name        Object

    0x20000000   0x00000014   Data   RW         1832    .data               stm32f10x_rcc.o
    0x20000014   0x0000000c   Data   RW         3296    .data               myi2c.o
    0x20000020   0x00000006   Data   RW         3380    .data               oled.o
    0x20000026   0x00000404   Data   RW         3588    .data               main.o
    0x2000042a   0x00000002   PAD
    0x2000042c   0x00000400   Zero   RW         3378    .bss                oled.o
    0x2000082c   0x00000060   Zero   RW         3861    .bss                c_w.l(libspace.o)
    0x2000088c   0x00000004   PAD
    0x20000890   0x00000200   Zero   RW          131    HEAP                startup_stm32f10x_md.o
    0x20000a90   0x00000400   Zero   RW          130    STACK               startup_stm32f10x_md.o


==============================================================================

Image component sizes


      Code (inc. data)   RO Data    RW Data    ZI Data      Debug   Object Name

         0          0          0          0          0       4532   core_cm3.o
        70          0          0          0          0     203642   delay.o
       192         42          0       1028          0       1512   main.o
       132         22          0          0          0       2971   misc.o
       310         42          0         12          0       4430   myi2c.o
      1090         64       2090          6       1024       9986   oled.o
       184          6          0          0          0       1258   serial.o
        64         26        236          0       1536        768   startup_stm32f10x_md.o
       306          0          0          0          0      11216   stm32f10x_gpio.o
        26          0          0          0          0       3522   stm32f10x_it.o
       244         26          0         20          0      12317   stm32f10x_rcc.o
       408          6          0          0          0      10602   stm32f10x_usart.o
       328         28          0          0          0      24721   system_stm32f10x.o

    ----------------------------------------------------------------------
      3374        262       2360       1068       2560     291477   Object Totals
         0          0         32          0          0          0   (incl. Generated)
        20          0          2          2          0          0   (incl. Padding)

    ----------------------------------------------------------------------

      Code (inc. data)   RO Data    RW Data    ZI Data      Debug   Library Member Name

        90          0          0          0          0          0   __dczerorl2.o
         8          0          0          0          0         68   __main.o
       392          4         17          0          0         92   __printf_flags_ss_wp.o
        14          0          0          0          0         68   __printf_wp.o
         0          0          0          0          0          0   __rtentry.o
        12          0          0          0          0          0   __rtentry2.o
         6          0          0          0          0          0   __rtentry4.o
        52          8          0          0          0          0   __scatter.o
        28          0          0          0          0          0   __scatter_zi.o
         6          0          0          0          0          0   _printf_a.o
         6          0          0          0          0          0   _printf_c.o
        44          0          0          0          0        108   _printf_char.o
        48          6          0          0          0         96   _printf_char_common.o
        40          0          0          0          0         68   _printf_charcount.o
         6          0          0          0          0          0   _printf_d.o
       120         16          0          0          0         92   _printf_dec.o
         6          0          0          0          0          0   _printf_e.o
         6          0          0          0          0          0   _printf_f.o
      1054          0          0          0          0        216   _printf_fp_dec.o
       128         16          0          0          0         84   _printf_fp_infnan.o
         6          0          0          0          0          0   _printf_g.o
       148          4         40          0          0        160   _printf_hex_int_ll_ptr.o
         6          0          0          0          0          0   _printf_i.o
       178          0          0          0          0         88   _printf_intcommon.o
        10          0          0          0          0          0   _printf_l.o
         6          0          0          0          0          0   _printf_lc.o
        10          0          0          0          0          0   _printf_ll.o
         6          0          0          0          0          0   _printf_lld.o
         6          0          0          0          0          0   _printf_lli.o
         6          0          0          0          0          0   _printf_llo.o
         6          0          0          0          0          0   _printf_llu.o
         6          0          0          0          0          0   _printf_llx.o
       124         16          0          0          0         92   _printf_longlong_dec.o
         6          0          0          0          0          0   _printf_ls.o
         6          0          0          0          0          0   _printf_n.o
         6          0          0          0          0          0   _printf_o.o
       112         10          0          0          0        124   _printf_oct_int_ll.o
         6          0          0          0          0          0   _printf_p.o
        78          0          0          0          0        108   _printf_pad.o
         0          0          0          0          0          0   _printf_percent.o
         4          0          0          0          0          0   _printf_percent_end.o
         6          0          0          0          0          0   _printf_s.o
        82          0          0          0          0         80   _printf_str.o
        36          0          0          0          0         84   _printf_truncate.o
         6          0          0          0          0          0   _printf_u.o
        44          0          0          0          0        108   _printf_wchar.o
       188          6          8          0          0         92   _printf_wctomb.o
         6          0          0          0          0          0   _printf_x.o
        10          0          0          0          0         68   _sputc.o
        64          0          0          0          0         92   _wcrtomb.o
       228          4        148          0          0         96   bigflt0.o
      1936        128          0          0          0        672   btod.o
        36          4          0          0          0         76   c89vsprintf.o
        18          0          0          0          0         80   exit.o
         6          0          0          0          0        152   heapauxi.o
         0          0          0          0          0          0   indicate_semi.o
        44         10        272          0          0         76   lc_ctype_c.o
        44         10         28          0          0         76   lc_numeric_c.o
         2          0          0          0          0          0   libinit.o
        30          0          0          0          0          0   libinit2.o
         2          0          0          0          0          0   libshutdown.o
         2          0          0          0          0          0   libshutdown2.o
         8          4          0          0         96         68   libspace.o
       138          0          0          0          0         80   lludiv10.o
        16          4          0          0          0         76   rt_ctype_table.o
         8          4          0          0          0         68   rt_locale_intlibspace.o
         2          0          0          0          0          0   rtexit.o
        10          0          0          0          0          0   rtexit2.o
       128          0          0          0          0         68   strcmpv7m.o
        12          4          0          0          0         68   sys_exit.o
        74          0          0          0          0         80   sys_stackheap_outer.o
         2          0          0          0          0         68   use_no_semi.o
         4          0          0          0          0         68   printf1.o
         0          0          0          0          0          0   usenofp.o
        40          0          0          0          0         68   fpclassify.o

    ----------------------------------------------------------------------
      6046        258        516          0        100       3928   Library Totals
        12          0          3          0          4          0   (incl. Padding)

    ----------------------------------------------------------------------

      Code (inc. data)   RO Data    RW Data    ZI Data      Debug   Library Name

      5990        258        513          0         96       3792   c_w.l
         4          0          0          0          0         68   fz_ws.l
        40          0          0          0          0         68   m_ws.l

    ----------------------------------------------------------------------
      6046        258        516          0        100       3928   Library Totals

    ----------------------------------------------------------------------

==============================================================================


      Code (inc. data)   RO Data    RW Data    ZI Data      Debug   

      9420        520       2876       1068       2660     290773   Grand Totals
      9420        520       2876        168       2660     290773   ELF Image Totals (compressed)
      9420        520       2876        168          0          0   ROM Totals

==============================================================================

    Total RO  Size (Code + RO Data)                12296 (  12.01kB)
    Total RW  Size (RW Data + ZI Data)              3728 (   3.64kB)
    Total ROM Size (Code + RO Data + RW Data)      12464 (  12.17kB)

==============================================================================

