<html>
<body>
<pre>
<h1>µVision Build Log</h1>
<h2>Tool Versions:</h2>
IDE-Version: ¦ÌVision V5.14.1
Copyright (C) 2015 ARM Ltd and ARM Germany GmbH. All rights reserved.
License Information: 1 1, 1, LIC=FYKYW-QHN4Q-HLACL-0W1RM-DVAYU-FB14X
 
Tool Versions:
Toolchain:       MDK-ARM Plus  Version: 5.24.1
Toolchain Path:  D:\keil5\ARM\ARMCC\Bin
C Compiler:      Armcc.exe V5.06 update 5 (build 528)
Assembler:       Armasm.exe V5.06 update 5 (build 528)
Linker/Locator:  ArmLink.exe V5.06 update 5 (build 528)
Library Manager: ArmAr.exe V5.06 update 5 (build 528)
Hex Converter:   FromElf.exe V5.06 update 5 (build 528)
CPU DLL:         SARMCM3.DLL V5.24.1
Dialog DLL:      DCM.DLL V1.16.0.0
Target DLL:      STLink\ST-LINKIII-KEIL_SWO.dll V3.0.1.0
Dialog DLL:      TCM.DLL V1.32.0.0
 
<h2>Project:</h2>
D:\stm32project\f103c6t6\HC-SR04\project.uvprojx
Project File Date:  08/03/2024

<h2>Output:</h2>
*** Using Compiler 'V5.06 update 5 (build 528)', folder: 'D:\keil5\ARM\ARMCC\Bin'
Build target 'Target 1'
compiling HC-SR04.c...
Hardware\HC-SR04.h(5): warning:  #47-D: incompatible redefinition of macro "USE_STDPERIPH_DRIVER" 
  #define USE_STDPERIPH_DRIVER
.\System\Timer.h(12): warning:  #1-D: last line of file ends without a newline
  #endif
Hardware\HC-SR04.h(17): warning:  #1-D: last line of file ends without a newline
  #endif
.\System\Delay.h(8): warning:  #1-D: last line of file ends without a newline
  #endif
Hardware\HC-SR04.c(43): warning:  #1-D: last line of file ends without a newline
  }
Hardware\HC-SR04.c: 5 warnings, 0 errors
compiling main.c...
User\main.c(2): warning:  #47-D: incompatible redefinition of macro "USE_STDPERIPH_DRIVER" 
  #define USE_STDPERIPH_DRIVER
.\Hardware\OLED.h(43): warning:  #1-D: last line of file ends without a newline
  #endif
.\System\Timer.h(12): warning:  #1-D: last line of file ends without a newline
  #endif
.\Hardware\HC-SR04.h(17): warning:  #1-D: last line of file ends without a newline
  #endif
User\main.c(21): warning:  #111-D: statement is unreachable
      return 0;
User\main.c(22): warning:  #1-D: last line of file ends without a newline
  }
User\main.c: 6 warnings, 0 errors
linking...
Program Size: Code=11320 RO-data=2876 RW-data=8 ZI-data=2656  
".\Objects\project.axf" - 0 Error(s), 11 Warning(s).

<h2>Collection of Component include folders:</h2>
  D:\stm32project\f103c6t6\HC-SR04\RTE
  D:\keil5\ARM\PACK\Keil\STM32F1xx_DFP\2.2.0\Device\Include

<h2>Collection of Component Files used:</h2>
</pre>
</body>
</html>
